# PK-232 scan debug log -- 2026-10-07T14:19:34
# [t+sec] TAG: data   (TX=gesendet | RX=empfangen mit Wartezeit | --=Notiz)

[  5.674] -- wake step 1: '*' without CR
[  5.674] TX: '*'
[  6.483] RX (0.809s): '\x00\x00\x00\x00\x00\r\n\r\n\r\nPK-232M is using default values.\r\n  \r\n\r\n\r\n\x11AEA PK-232M Data Controller\r\nCopyright (C) 1986-1995 by\r\nAdvanced Electronic Applications, Inc.\r\nRelease 13.SEP.95\r\nVer. 7.1\r\nPACTOR s/n 26902 \r\n\r\ncmd:'
[  6.890] RX (0.407s): ''
[  6.890] TX: 'RESTART\r'
[  7.700] RX (0.809s): 'RESTART\r\n  \r\n\r\n\r\n\x11AEA PK-232M Data Controller\r\nCopyright (C) 1986-1995 by\r\nAdvanced Electronic Applications, Inc.\r\nRelease 13.SEP.95\r\nVer. 7.1\r\nPACTOR s/n 26902 \r\n\r\ncmd:'
[  8.111] RX (0.411s): ''
[  8.111] TX: '\x03'
[  8.932] RX (0.820s): 'cmd:'
[  8.932] TX: 'ECHO\r'
[  9.753] RX (0.821s): 'ECHO\r\n?EXPERT command\r\ncmd:'
[ 10.163] RX (0.410s): ''
[ 10.163] TX: 'OPMODE\r'
[ 10.983] RX (0.820s): 'OPMODE\r\nOpmode    PAcket    \r\ncmd:'
[ 11.395] RX (0.412s): ''
[ 11.395] TX: 'DISPLAY\r'
[ 12.072] RX (0.676s): 'DISPLAY\r\n(See also DISPLAY A,B,C,F,G,I,L,M,R,T,Z)\r\nConnect   Link state is: DISCONNECTED\r\nUPlink    \r\nOpmode    PAcket    \r\nEXPert    OFF\r\nFRack     4 (4 sec.)\r\nHBaud     1200\r\nMAXframe  4\r\nMonitor   4 (UA DM C D I UI)\r\nMYcall    PK232\r\nMYSelcal  none\r\nPACLen    128\r\nRBaud     45\r\nTXdelay   30 (300 msec.)\r\nVhf       ON\r\nWI'
[ 12.894] RX (0.822s): 'deshft  OFF\r\ncmd:'
[ 13.299] RX (0.405s): ''
[ 13.300] -- BANNER geparst: release=13.SEP.95
[ 13.300] -- Phase: EXPERT entsperren
[ 13.300] TX: 'EXPERT\r'
[ 14.113] RX (0.813s): 'EXPERT\r\nEXPert    OFF\r\ncmd:'
[ 14.113] TX: 'EXPERT ON\r'
[ 14.919] RX (0.806s): 'EXPERT ON\r\nEXPert    was OFF\r\nEXPert    now ON\r\ncmd:'
[ 14.920] TX: 'MYCALL\r'
[ 15.741] RX (0.821s): 'MYCALL\r\nMYcall    PK232\r\ncmd:'
[ 16.152] RX (0.411s): ''
[ 16.152] TX: 'MYSELCAL\r'
[ 16.973] RX (0.821s): 'MYSELCAL\r\nMYSelcal  none\r\ncmd:'
[ 17.385] RX (0.412s): ''
[ 17.385] TX: 'EXPERT ON\r'
[ 18.205] RX (0.819s): 'EXPERT ON\r\nEXPert    was ON\r\nEXPert    now ON\r\ncmd:'
[ 18.615] RX (0.410s): ''
[ 18.615] TX: 'MYCALL OE3GAS\r'
[ 19.433] RX (0.818s): 'MYCALL OE3GAS\r\nMYcall    was PK232\r\nMYcall    now OE3GAS\r\ncmd:'
[ 19.844] RX (0.411s): ''
[ 19.844] TX: 'MYSELCAL OEAS\r'
[ 20.657] RX (0.813s): 'MYSELCAL OEAS\r\nMYSelcal  was none\r\nMYSelcal  now OEAS\r\ncmd:'
[ 21.064] RX (0.407s): ''
[ 21.065] -- RISKY ALIST (kind=mode): baseline, send, record 3 s
[ 21.065] TX: '\r'
[ 21.878] RX (0.813s): '\r\ncmd:'
[ 22.282] RX (0.403s): ''
[ 22.282] TX: 'ALIST\r'
[ 23.098] RX (0.816s): 'ALIST\r\nOpmode   was PAcket    \r\nOpmode   now AList     \r\ncmd:'
[ 23.509] RX (0.411s): ''
[ 23.919] RX (0.410s): ''
[ 24.330] RX (0.411s): ''
[ 24.740] RX (0.411s): ''
[ 25.150] RX (0.409s): ''
[ 25.560] RX (0.410s): ''
[ 25.560] TX: 'PACKET\r'
[ 26.380] RX (0.820s): 'PACKET\r\nOpmode   was AList     \r\nOpmode   now PAcket    \r\ncmd:'
[ 26.791] RX (0.410s): ''
[ 26.791] -- recovery step PACKET: cmd: reached
[ 26.791] TX: 'OPMODE\r'
[ 27.611] RX (0.820s): 'OPMODE\r\nOpmode    PAcket    \r\ncmd:'
[ 28.016] RX (0.405s): ''
[ 28.016] TX: 'MYCALL\r'
[ 28.829] RX (0.812s): 'MYCALL\r\nMYcall    OE3GAS\r\ncmd:'
[ 29.232] RX (0.403s): ''
[ 29.232] -- RISKY ALIST: exists=yes effect='changes OPMODE to ALIST' recovery=PACKET opmode='Opmode PAcket' mycall='MYcall OE3GAS'
[ 29.232] -- RISKY AMTOR (kind=mode): baseline, send, record 3 s
[ 29.232] TX: '\r'
[ 30.044] RX (0.812s): '\r\ncmd:'
[ 30.457] RX (0.412s): ''
[ 30.457] TX: 'AMTOR\r'
[ 31.279] RX (0.822s): 'AMTOR\r\nOpmode   was PAcket    \r\nOpmode   now AMtor     \r\ncmd:'
[ 31.689] RX (0.410s): ''
[ 32.099] RX (0.410s): ''
[ 32.510] RX (0.411s): ''
[ 32.921] RX (0.411s): ''
[ 33.332] RX (0.411s): ''
[ 33.742] RX (0.410s): ''
[ 33.742] TX: 'PACKET\r'
[ 34.561] RX (0.819s): 'PACKET\r\nOpmode   was AMtor     \r\nOpmode   now PAcket    \r\ncmd:'
[ 34.971] RX (0.409s): ''
[ 34.971] -- recovery step PACKET: cmd: reached
[ 34.971] TX: 'OPMODE\r'
[ 35.781] RX (0.810s): 'OPMODE\r\nOpmode    PAcket    \r\ncmd:'
[ 36.188] RX (0.407s): ''
[ 36.188] TX: 'MYCALL\r'
[ 37.006] RX (0.818s): 'MYCALL\r\nMYcall    OE3GAS\r\ncmd:'
[ 37.411] RX (0.405s): ''
[ 37.412] -- RISKY AMTOR: exists=yes effect='changes OPMODE to AMTOR' recovery=PACKET opmode='Opmode PAcket' mycall='MYcall OE3GAS'
[ 37.412] -- RISKY CONVERSE (kind=mode): baseline, send, record 3 s
[ 37.412] TX: '\r'
[ 38.230] RX (0.818s): '\r\ncmd:'
[ 38.634] RX (0.403s): ''
[ 38.634] TX: 'CONVERSE\r'
[ 39.442] RX (0.808s): 'CONVERSE\r\n'
[ 39.857] RX (0.415s): ''
[ 40.259] RX (0.401s): ''
[ 40.659] RX (0.401s): ''
[ 41.060] RX (0.400s): ''
[ 41.462] RX (0.402s): ''
[ 41.868] RX (0.406s): ''
[ 41.868] TX: '\x03'
[ 42.690] RX (0.822s): 'cmd:'
[ 43.096] RX (0.405s): ''
[ 43.096] -- recovery step Ctrl-C: cmd: reached
[ 43.096] TX: 'OPMODE\r'
[ 43.912] RX (0.816s): 'OPMODE\r\nOpmode    PAcket    \r\ncmd:'
[ 44.314] RX (0.401s): ''
[ 44.314] TX: 'MYCALL\r'
[ 45.138] RX (0.824s): 'MYCALL\r\nMYcall    OE3GAS\r\ncmd:'
[ 45.542] RX (0.403s): ''
[ 45.542] -- RISKY CONVERSE: exists=yes effect='enters converse mode' recovery=Ctrl-C opmode='Opmode PAcket' mycall='MYcall OE3GAS'
[ 45.543] -- RISKY K (kind=mode): baseline, send, record 3 s
[ 45.543] TX: '\r'
[ 46.343] RX (0.800s): '\r\ncmd:'
[ 46.747] RX (0.404s): ''
[ 46.747] TX: 'K\r'
[ 47.571] RX (0.824s): 'K\r\n'
[ 47.987] RX (0.415s): ''
[ 48.391] RX (0.404s): ''
[ 48.794] RX (0.403s): ''
[ 49.195] RX (0.401s): ''
[ 49.610] RX (0.415s): ''
[ 50.015] RX (0.404s): ''
[ 50.015] TX: '\x03'
[ 50.842] RX (0.827s): 'cmd:'
[ 51.246] RX (0.404s): ''
[ 51.246] -- recovery step Ctrl-C: cmd: reached
[ 51.246] TX: 'OPMODE\r'
[ 52.058] RX (0.811s): 'OPMODE\r\nOpmode    PAcket    \r\ncmd:'
[ 52.465] RX (0.407s): ''
[ 52.465] TX: 'MYCALL\r'
[ 53.292] RX (0.827s): 'MYCALL\r\nMYcall    OE3GAS\r\ncmd:'
[ 53.704] RX (0.412s): ''
[ 53.705] -- RISKY K: exists=yes effect='enters converse mode' recovery=Ctrl-C opmode='Opmode PAcket' mycall='MYcall OE3GAS'
[ 53.705] -- RISKY RCVE (kind=mode): baseline, send, record 3 s in BAUDOT
[ 53.705] -- MODE ENTER BAUDOT
[ 53.705] TX: 'BAUDOT\r'
[ 54.005] TX: '\x03'
[ 54.826] RX (0.820s): 'BAUDOT\r\nOpmode   was PAcket    \r\nOpmode   now BAudot    \r\ncmd:cmd:'
[ 54.826] TX: '\r'
[ 55.638] RX (0.812s): '\r\ncmd:'
[ 56.039] RX (0.401s): ''
[ 56.039] TX: 'RCVE\r'
[ 56.860] RX (0.821s): 'RCVE\r\ncmd:'
[ 57.273] RX (0.413s): ''
[ 57.675] RX (0.402s): ''
[ 58.076] RX (0.401s): ''
[ 58.477] RX (0.401s): ''
[ 58.890] RX (0.413s): ''
[ 59.305] RX (0.414s): ''
[ 59.305] TX: 'PACKET\r'
[ 60.120] RX (0.814s): 'PACKET\r\nOpmode   was BAudot    \r\nOpmode   now PAcket    \r\ncmd:'
[ 60.533] RX (0.414s): ''
[ 60.533] -- recovery step PACKET: cmd: reached
[ 60.533] -- MODE ENTER PACKET
[ 60.533] TX: 'PACKET\r'
[ 60.834] TX: '\x03'
[ 61.649] RX (0.814s): 'PACKET\r\nOpmode   was PAcket    \r\nOpmode   now PAcket    \r\ncmd:cmd:'
[ 61.649] TX: 'OPMODE\r'
[ 62.458] RX (0.809s): 'OPMODE\r\nOpmode    PAcket    \r\ncmd:'
[ 62.860] RX (0.401s): ''
[ 62.860] TX: 'MYCALL\r'
[ 63.676] RX (0.816s): 'MYCALL\r\nMYcall    OE3GAS\r\ncmd:'
[ 64.077] RX (0.400s): ''
[ 64.077] -- RISKY RCVE: exists=yes effect='no output' recovery=PACKET opmode='Opmode PAcket' mycall='MYcall OE3GAS'
[ 64.077] -- RISKY SAMPLE (kind=mode): baseline, send, record 3 s
[ 64.077] TX: '\r'
[ 64.893] RX (0.816s): '\r\ncmd:'
[ 65.293] RX (0.400s): ''
[ 65.293] TX: 'SAMPLE\r'
[ 66.106] RX (0.813s): 'SAMPLE\r\n?not enough\r\ncmd:'
[ 66.513] RX (0.407s): ''
[ 66.918] RX (0.405s): ''
[ 67.323] RX (0.405s): ''
[ 67.728] RX (0.405s): ''
[ 68.131] RX (0.403s): ''
[ 68.531] RX (0.401s): ''
[ 68.532] TX: 'PACKET\r'
[ 69.351] RX (0.819s): 'PACKET\r\nOpmode   was PAcket    \r\nOpmode   now PAcket    \r\ncmd:'
[ 69.761] RX (0.410s): ''
[ 69.762] -- recovery step PACKET: cmd: reached
[ 69.762] TX: 'OPMODE\r'
[ 70.580] RX (0.818s): 'OPMODE\r\nOpmode    PAcket    \r\ncmd:'
[ 70.990] RX (0.410s): ''
[ 70.991] TX: 'MYCALL\r'
[ 71.812] RX (0.821s): 'MYCALL\r\nMYcall    OE3GAS\r\ncmd:'
[ 72.222] RX (0.410s): ''
[ 72.222] -- RISKY SAMPLE: exists=yes effect='' recovery=PACKET opmode='Opmode PAcket' mycall='MYcall OE3GAS'
[ 72.222] -- RISKY ACHG (kind=action_tx): baseline, send, record 3 s in AMTOR
[ 72.223] -- MODE ENTER AMTOR
[ 72.223] TX: 'AMTOR\r'
[ 72.523] TX: '\x03'
[ 73.340] RX (0.817s): 'AMTOR\r\nOpmode   was PAcket    \r\nOpmode   now AMtor     \r\ncmd:cmd:'
[ 73.340] TX: '\r'
[ 74.154] RX (0.814s): '\r\ncmd:'
[ 74.558] RX (0.403s): ''
[ 74.558] TX: 'ACHG\r'
[ 75.375] RX (0.817s): 'ACHG\r\n?not while in AMtor     \r\ncmd:'
[ 75.778] RX (0.402s): ''
[ 76.180] RX (0.402s): ''
[ 76.595] RX (0.415s): ''
[ 77.010] RX (0.415s): ''
[ 77.423] RX (0.413s): ''
[ 77.834] RX (0.411s): ''
[ 77.834] TX: '\x03'
[ 78.638] RX (0.804s): 'cmd:'
[ 79.043] RX (0.405s): ''
[ 79.043] -- recovery step Ctrl-C: cmd: reached
[ 79.044] -- MODE ENTER PACKET
[ 79.044] TX: 'PACKET\r'
[ 79.344] TX: '\x03'
[ 80.161] RX (0.816s): 'PACKET\r\nOpmode   was AMtor     \r\nOpmode   now PAcket    \r\ncmd:cmd:'
[ 80.161] TX: 'OPMODE\r'
[ 80.976] RX (0.814s): 'OPMODE\r\nOpmode    PAcket    \r\ncmd:'
[ 81.377] RX (0.401s): ''
[ 81.377] TX: 'MYCALL\r'
[ 82.194] RX (0.816s): 'MYCALL\r\nMYcall    OE3GAS\r\ncmd:'
[ 82.596] RX (0.402s): ''
[ 82.596] -- RISKY ACHG: exists=yes effect='' recovery=Ctrl-C opmode='Opmode PAcket' mycall='MYcall OE3GAS'
[ 82.596] -- RISKY ARQ (kind=action_tx): baseline, send, record 3 s
[ 82.597] TX: '\r'
[ 83.410] RX (0.813s): '\r\ncmd:'
[ 83.812] RX (0.401s): ''
[ 83.812] TX: 'ARQ\r'
[ 84.615] RX (0.802s): 'ARQ\r\n?callsign\r\ncmd:'
[ 85.024] RX (0.409s): ''
[ 85.429] RX (0.405s): ''
[ 85.831] RX (0.402s): ''
[ 86.231] RX (0.400s): ''
[ 86.631] RX (0.400s): ''
[ 87.045] RX (0.414s): ''
[ 87.045] TX: '\x03'
[ 87.846] RX (0.800s): 'cmd:'
[ 88.246] RX (0.401s): ''
[ 88.246] -- recovery step Ctrl-C: cmd: reached
[ 88.246] TX: 'OPMODE\r'
[ 89.060] RX (0.813s): 'OPMODE\r\nOpmode    PAcket    \r\ncmd:'
[ 89.462] RX (0.402s): ''
[ 89.463] TX: 'MYCALL\r'
[ 90.271] RX (0.808s): 'MYCALL\r\nMYcall    OE3GAS\r\ncmd:'
[ 90.672] RX (0.402s): ''
[ 90.672] -- RISKY ARQ: exists=yes effect='' recovery=Ctrl-C opmode='Opmode PAcket' mycall='MYcall OE3GAS'
[ 90.673] -- RISKY FEC (kind=action_tx): baseline, send, record 3 s
[ 90.673] TX: '\r'
[ 91.480] RX (0.807s): '\r\ncmd:'
[ 91.882] RX (0.402s): ''
[ 91.882] TX: 'FEC\r'
[ 92.698] RX (0.815s): 'FEC\r\nOpmode   was PAcket    \r\nOpmode   now FEc       \r\n'
[ 93.098] RX (0.400s): ''
[ 93.512] RX (0.415s): ''
[ 93.913] RX (0.401s): ''
[ 94.313] RX (0.400s): ''
[ 94.713] RX (0.400s): ''
[ 95.114] RX (0.400s): ''
[ 95.114] TX: '\x03'
[ 95.928] RX (0.814s): 'cmd:'
[ 96.328] RX (0.400s): ''
[ 96.328] -- recovery step Ctrl-C: cmd: reached
[ 96.328] TX: 'OPMODE\r'
[ 97.151] RX (0.823s): 'OPMODE\r\nOpmode    FEc        IDLE SEND\r\ncmd:'
[ 97.566] RX (0.415s): ''
[ 97.566] TX: 'MYCALL\r'
[ 98.371] RX (0.804s): 'MYCALL\r\nMYcall    OE3GAS\r\ncmd:'
[ 98.778] RX (0.407s): ''
[ 98.778] -- RISKY FEC: exists=yes effect='changes OPMODE to FEC' recovery=Ctrl-C opmode='Opmode FEc IDLE SEND' mycall='MYcall OE3GAS'
[ 98.779] -- RISKY ID (kind=action_tx): baseline, send, record 3 s
[ 98.779] TX: '\r'
[ 99.582] RX (0.803s): '\r\ncmd:'
[ 99.983] RX (0.401s): ''
[ 99.983] TX: 'ID\r'
[100.797] RX (0.814s): 'ID\r\ncmd:'
[101.197] RX (0.400s): ''
[101.598] RX (0.401s): ''
[101.999] RX (0.401s): ''
[102.412] RX (0.413s): ''
[102.813] RX (0.401s): ''
[103.629] RX (0.816s): '\r\n'
[103.629] TX: '\x03'
[104.436] RX (0.807s): 'cmd:'
[104.846] RX (0.410s): ''
[104.846] -- recovery step Ctrl-C: cmd: reached
[104.846] TX: 'OPMODE\r'
[105.662] RX (0.816s): 'OPMODE\r\nOpmode    AMtor      STBY RCVE\r\ncmd:'
[106.063] RX (0.400s): ''
[106.063] TX: 'MYCALL\r'
[106.880] RX (0.817s): 'MYCALL\r\nMYcall    OE3GAS\r\ncmd:'
[107.287] RX (0.407s): ''
[107.287] -- RISKY ID: exists=yes effect='no output' recovery=Ctrl-C opmode='Opmode AMtor STBY RCVE' mycall='MYcall OE3GAS'
[107.287] -- RISKY OVER (kind=action_tx): baseline, send, record 3 s in AMTOR
[107.287] -- MODE ENTER AMTOR
[107.287] TX: 'AMTOR\r'
[107.588] TX: '\x03'
[108.400] RX (0.812s): 'AMTOR\r\nOpmode   was AMtor     \r\nOpmode   now AMtor     \r\ncmd:cmd:'
[108.400] TX: '\r'
[109.212] RX (0.811s): '\r\ncmd:'
[109.612] RX (0.400s): ''
[109.612] TX: 'OVER\r'
[110.420] RX (0.807s): 'OVER\r\n?not while in AMtor     \r\ncmd:\r\n\r\n\r\n'
[110.828] RX (0.408s): ''
[111.228] RX (0.400s): ''
[111.629] RX (0.401s): ''
[112.030] RX (0.401s): ''
[112.444] RX (0.414s): ''
[112.845] RX (0.401s): ''
[112.845] TX: '\x03'
[113.645] RX (0.800s): 'cmd:'
[114.046] RX (0.401s): ''
[114.046] -- recovery step Ctrl-C: cmd: reached
[114.046] -- MODE ENTER PACKET
[114.046] TX: 'PACKET\r'
[114.346] TX: '\x03'
[115.147] RX (0.800s): 'PACKET\r\nOpmode   was AMtor     \r\nOpmode   now PAcket    \r\ncmd:cmd:'
[115.147] TX: 'OPMODE\r'
[115.962] RX (0.815s): 'OPMODE\r\nOpmode    PAcket    \r\ncmd:'
[116.362] RX (0.400s): ''
[116.362] TX: 'MYCALL\r'
[117.179] RX (0.817s): 'MYCALL\r\nMYcall    OE3GAS\r\ncmd:'
[117.580] RX (0.401s): ''
[117.580] -- RISKY OVER: exists=yes effect='' recovery=Ctrl-C opmode='Opmode PAcket' mycall='MYcall OE3GAS'
[117.580] -- RISKY PTCONN (kind=action_tx): baseline, send, record 3 s
[117.580] TX: '\r'
[118.395] RX (0.814s): '\r\ncmd:'
[118.795] RX (0.400s): ''
[118.795] TX: 'PTCONN\r'
[119.599] RX (0.804s): 'PTCONN\r\n?callsign\r\ncmd:'
[120.012] RX (0.412s): ''
[120.414] RX (0.402s): ''
[120.829] RX (0.414s): ''
[121.229] RX (0.401s): ''
[121.645] RX (0.415s): ''
[122.055] RX (0.411s): ''
[122.056] TX: '\x03'
[122.864] RX (0.808s): 'cmd:'
[123.266] RX (0.402s): ''
[123.266] -- recovery step Ctrl-C: cmd: reached
[123.266] TX: 'OPMODE\r'
[124.079] RX (0.813s): 'OPMODE\r\nOpmode    PAcket    \r\ncmd:'
[124.481] RX (0.401s): ''
[124.481] TX: 'MYCALL\r'
[125.283] RX (0.802s): 'MYCALL\r\nMYcall    OE3GAS\r\ncmd:'
[125.685] RX (0.402s): ''
[125.685] -- RISKY PTCONN: exists=yes effect='' recovery=Ctrl-C opmode='Opmode PAcket' mycall='MYcall OE3GAS'
[125.685] -- RISKY SELFEC (kind=action_tx): baseline, send, record 3 s
[125.685] TX: '\r'
[126.497] RX (0.811s): '\r\ncmd:'
[126.902] RX (0.405s): ''
[126.902] TX: 'SELFEC\r'
[127.713] RX (0.811s): 'SELFEC\r\n?callsign\r\ncmd:'
[128.128] RX (0.414s): ''
[128.528] RX (0.401s): ''
[128.929] RX (0.401s): ''
[129.344] RX (0.415s): ''
[129.747] RX (0.403s): ''
[130.147] RX (0.401s): ''
[130.147] TX: '\x03'
[130.963] RX (0.815s): 'cmd:'
[131.364] RX (0.401s): ''
[131.364] -- recovery step Ctrl-C: cmd: reached
[131.364] TX: 'OPMODE\r'
[132.164] RX (0.800s): 'OPMODE\r\nOpmode    PAcket    \r\ncmd:'
[132.564] RX (0.400s): ''
[132.564] TX: 'MYCALL\r'
[133.379] RX (0.815s): 'MYCALL\r\nMYcall    OE3GAS\r\ncmd:'
[133.779] RX (0.400s): ''
[133.779] -- RISKY SELFEC: exists=yes effect='' recovery=Ctrl-C opmode='Opmode PAcket' mycall='MYcall OE3GAS'
[133.780] -- RISKY XMIT (kind=action_tx): baseline, send, record 3 s in BAUDOT
[133.780] -- MODE ENTER BAUDOT
[133.780] TX: 'BAUDOT\r'
[134.081] TX: '\x03'
[134.897] RX (0.815s): 'BAUDOT\r\nOpmode   was PAcket    \r\nOpmode   now BAudot    \r\ncmd:cmd:'
[134.897] TX: '\r'
[135.711] RX (0.814s): '\r\ncmd:'
[136.111] RX (0.400s): ''
[136.111] TX: 'XMIT\r'
[136.912] RX (0.801s): 'XMIT\r\n'
[137.313] RX (0.401s): ''
[137.714] RX (0.401s): ''
[138.114] RX (0.400s): ''
[138.514] RX (0.400s): ''
[138.930] RX (0.416s): ''
[139.330] RX (0.400s): ''
[139.331] TX: '\x03'
[140.131] RX (0.800s): 'cmd:'
[140.531] RX (0.400s): ''
[140.531] -- recovery step Ctrl-C: cmd: reached
[140.531] -- MODE ENTER PACKET
[140.531] TX: 'PACKET\r'
[140.832] TX: '\x03'
[141.648] RX (0.816s): 'PACKET\r\nOpmode   was BAudot    \r\nOpmode   now PAcket    \r\ncmd:cmd:'
[141.648] TX: 'OPMODE\r'
[142.464] RX (0.815s): 'OPMODE\r\nOpmode    PAcket    \r\ncmd:'
[142.866] RX (0.402s): ''
[142.866] TX: 'MYCALL\r'
[143.681] RX (0.814s): 'MYCALL\r\nMYcall    OE3GAS\r\ncmd:'
[144.096] RX (0.415s): ''
[144.096] -- RISKY XMIT: exists=yes effect='starts the transmission' recovery=Ctrl-C opmode='Opmode PAcket' mycall='MYcall OE3GAS'
[144.096] -- RISKY MDCHECK (kind=danger): baseline, send, record 3 s
[144.096] TX: '\r'
[144.899] RX (0.803s): '\r\ncmd:'
[145.313] RX (0.414s): ''
[145.313] TX: 'MDCHECK\r'
[146.129] RX (0.815s): 'MDCHECK\r\n(AEA PK-232M)  18536 free  (B,E,K,L,R,S) >\r\n'
[146.530] RX (0.400s): ''
[146.930] RX (0.400s): ''
[147.331] RX (0.401s): ''
[147.733] RX (0.401s): ''
[148.147] RX (0.414s): ''
[148.548] RX (0.402s): ''
[148.548] TX: 'B\r'
[149.363] RX (0.814s): 'B\r\ncmd:'
[149.763] RX (0.401s): ''
[149.764] -- recovery step B: cmd: reached
[149.764] TX: 'OPMODE\r'
[150.566] RX (0.802s): 'OPMODE\r\nOpmode    PAcket    \r\ncmd:'
[150.967] RX (0.401s): ''
[150.967] TX: 'MYCALL\r'
[151.778] RX (0.811s): 'MYCALL\r\nMYcall    OE3GAS\r\ncmd:'
[152.182] RX (0.403s): ''
[152.182] -- RISKY MDCHECK: exists=yes effect='enters the MailDrop mailbox session' recovery=B opmode='Opmode PAcket' mycall='MYcall OE3GAS'
[152.182] -- RISKY MEMORY (kind=danger): baseline, send, record 3 s
[152.183] TX: '\r'
[152.984] RX (0.801s): '\r\ncmd:'
[153.397] RX (0.413s): ''
[153.397] TX: 'MEMORY\r'
[154.215] RX (0.818s): 'MEMORY\r\nMEmory    $00\r\ncmd:'
[154.615] RX (0.400s): ''
[155.015] RX (0.400s): ''
[155.415] RX (0.400s): ''
[155.830] RX (0.415s): ''
[156.230] RX (0.400s): ''
[156.632] RX (0.402s): ''
[156.632] TX: '\x03'
[157.447] RX (0.815s): 'cmd:'
[157.862] RX (0.415s): ''
[157.862] -- recovery step Ctrl-C: cmd: reached
[157.862] TX: 'OPMODE\r'
[158.680] RX (0.818s): 'OPMODE\r\nOpmode    PAcket    \r\ncmd:'
[159.081] RX (0.400s): ''
[159.081] TX: 'MYCALL\r'
[159.882] RX (0.801s): 'MYCALL\r\nMYcall    OE3GAS\r\ncmd:'
[160.282] RX (0.400s): ''
[160.282] -- RISKY MEMORY: exists=yes effect='prints a value' recovery=Ctrl-C opmode='Opmode PAcket' mycall='MYcall OE3GAS'
[160.283] -- RISKY TRANS (kind=danger): baseline, send, record 3 s
[160.283] TX: '\r'
[161.098] RX (0.815s): '\r\ncmd:'
[161.498] RX (0.400s): ''
[161.498] TX: 'TRANS\r'
[162.314] RX (0.816s): 'TRANS\r\n'
[162.730] RX (0.415s): ''
[163.142] RX (0.412s): ''
[163.554] RX (0.412s): ''
[163.960] RX (0.406s): ''
[164.370] RX (0.410s): ''
[164.778] RX (0.408s): ''
[166.279] TX: '\x03'
[166.480] TX: '\x03'
[166.680] TX: '\x03'
[168.181] TX: '\x03'
[169.000] RX (0.819s): 'cmd:cmd:'
[169.412] RX (0.412s): ''
[169.412] -- recovery step 3xCtrl-C/CMDTIME: cmd: reached
[169.412] TX: 'OPMODE\r'
[170.235] RX (0.822s): 'OPMODE\r\nOpmode    PAcket    \r\ncmd:'
[170.647] RX (0.412s): ''
[170.647] TX: 'MYCALL\r'
[171.470] RX (0.822s): 'MYCALL\r\nMYcall    OE3GAS\r\ncmd:'
[171.878] RX (0.409s): ''
[171.878] -- RISKY TRANS: exists=yes effect='enters transparent mode' recovery=3xCtrl-C/CMDTIME opmode='Opmode PAcket' mycall='MYcall OE3GAS'
[171.878] TX: '\r'
[172.695] RX (0.816s): '\r\ncmd:'
[173.100] RX (0.406s): ''
[173.100] TX: 'MYCALL PK232\r'
[173.910] RX (0.809s): 'MYCALL PK232\r\nMYcall    was OE3GAS\r\nMYcall    now PK232\r\ncmd:'
[174.315] RX (0.405s): ''
[174.315] TX: 'MYSELCAL none\r'
[175.138] RX (0.823s): 'MYSELCAL none\r\nMYSelcal  was OEAS\r\nMYSelcal  now NONE\r\ncmd:'
[175.550] RX (0.411s): ''
[175.550] -- MODE ENTER PACKET
[175.550] TX: 'PACKET\r'
[175.851] TX: '\x03'
[176.669] RX (0.818s): 'PACKET\r\nOpmode   was PAcket    \r\nOpmode   now PAcket    \r\ncmd:cmd:'
[176.669] TX: 'EXPERT OFF\r'
[177.490] RX (0.821s): 'EXPERT OFF\r\nEXPert    was ON\r\nEXPert    now OFF\r\ncmd:'
[177.490] TX: 'DISPLAY\r'
[178.167] RX (0.676s): 'DISPLAY\r\n(See also DISPLAY A,B,C,F,G,I,L,M,R,T,Z)\r\nConnect   Link state is: DISCONNECTED\r\nUPlink    \r\nOpmode    PAcket    \r\nEXPert    OFF\r\nFRack     4 (4 sec.)\r\nHBaud     1200\r\nMAXframe  4\r\nMonitor   4 (UA DM C D I UI)\r\nMYcall    PK232\r\nMYSelcal  NONE\r\nPACLen    128\r\nRBaud     45\r\nTXdelay   30 (300 msec.)\r\nVhf       ON\r\nWIdeshft'
[178.991] RX (0.824s): '  OFF\r\ncmd:'
[179.400] RX (0.409s): ''

# end of log -- 2026-10-07T14:22:33
