# PK-232 scan debug log -- 2026-10-07T19:18:02
# [t+sec] TAG: data   (TX=gesendet | RX=empfangen mit Wartezeit | --=Notiz)

[  5.288] -- wake step 1: '*' without CR
[  5.289] TX: '*'
[  6.099] RX (0.811s): '*\\\r\ncmd:'
[  6.508] RX (0.409s): ''
[  6.509] TX: 'RESTART\r'
[  7.328] RX (0.819s): 'RESTART\r\n  \r\n\r\n\r\n\x11AEA PK-232M Data Controller\r\nCopyright (C) 1986-1995 by\r\nAdvanced Electronic Applications, Inc.\r\nRelease 13.SEP.95\r\nVer. 7.1\r\nPACTOR s/n 26902 \r\n\r\ncmd:'
[  7.738] RX (0.409s): ''
[  7.738] TX: '\x03'
[  8.562] RX (0.824s): 'cmd:'
[  8.563] TX: 'ECHO\r'
[  9.385] RX (0.821s): 'ECHO\r\n?EXPERT command\r\ncmd:'
[  9.796] RX (0.411s): ''
[  9.796] TX: 'OPMODE\r'
[ 10.617] RX (0.820s): 'OPMODE\r\nOpmode    PAcket    \r\ncmd:'
[ 11.024] RX (0.407s): ''
[ 11.024] TX: 'DISPLAY\r'
[ 11.692] RX (0.668s): 'DISPLAY\r\n(See also DISPLAY A,B,C,F,G,I,L,M,R,T,Z)\r\nConnect   Link state is: DISCONNECTED\r\nUPlink    \r\nOpmode    PAcket    \r\nEXPert    OFF\r\nFRack     4 (4 sec.)\r\nHBaud     1200\r\nMAXframe  4\r\nMonitor   4 (UA DM C D I UI)\r\nMYcall    PK232\r\nMYSelcal  NONE\r\nPACLen    128\r\nRBaud     45\r\nTXdelay   30 (300 msec.)\r\nVhf  '
[ 12.503] RX (0.810s): '     ON\r\nWIdeshft  OFF\r\ncmd:'
[ 12.906] RX (0.403s): ''
[ 12.906] -- BANNER geparst: release=13.SEP.95
[ 12.906] -- Phase: EXPERT entsperren
[ 12.906] TX: 'EXPERT\r'
[ 13.731] RX (0.824s): 'EXPERT\r\nEXPert    OFF\r\ncmd:'
[ 13.731] TX: 'EXPERT ON\r'
[ 14.552] RX (0.821s): 'EXPERT ON\r\nEXPert    was OFF\r\nEXPert    now ON\r\ncmd:'
[ 14.552] TX: 'MYCALL\r'
[ 15.368] RX (0.816s): 'MYCALL\r\nMYcall    PK232\r\ncmd:'
[ 15.779] RX (0.410s): ''
[ 15.779] TX: 'MYSELCAL\r'
[ 16.598] RX (0.820s): 'MYSELCAL\r\nMYSelcal  NONE\r\ncmd:'
[ 17.009] RX (0.410s): ''
[ 17.009] TX: 'EXPERT ON\r'
[ 17.827] RX (0.817s): 'EXPERT ON\r\nEXPert    was ON\r\nEXPert    now ON\r\ncmd:'
[ 18.239] RX (0.412s): ''
[ 18.239] TX: 'MYCALL OE3GAS\r'
[ 19.050] RX (0.811s): 'MYCALL OE3GAS\r\nMYcall    was PK232\r\nMYcall    now OE3GAS\r\ncmd:'
[ 19.457] RX (0.406s): ''
[ 19.457] TX: 'MYSELCAL OEAS\r'
[ 20.273] RX (0.816s): 'MYSELCAL OEAS\r\nMYSelcal  was NONE\r\nMYSelcal  now OEAS\r\ncmd:'
[ 20.683] RX (0.410s): ''
[ 20.683] -- RISKY ALIST (kind=mode): baseline, send 'ALIST', record 3 s
[ 20.683] TX: '\r'
[ 21.491] RX (0.808s): '\r\ncmd:'
[ 21.897] RX (0.405s): ''
[ 21.897] TX: 'ALIST\r'
[ 22.702] RX (0.805s): 'ALIST\r\nOpmode   was PAcket    \r\nOpmode   now AList     \r\ncmd:'
[ 23.104] RX (0.402s): ''
[ 23.519] RX (0.415s): ''
[ 23.919] RX (0.400s): ''
[ 24.327] RX (0.408s): ''
[ 24.738] RX (0.411s): ''
[ 25.149] RX (0.411s): ''
[ 25.149] TX: 'PACKET\r'
[ 25.961] RX (0.811s): 'PACKET\r\nOpmode   was AList     \r\nOpmode   now PAcket    \r\ncmd:'
[ 26.365] RX (0.405s): ''
[ 26.366] -- recovery step PACKET: cmd: reached
[ 26.366] TX: 'OPMODE\r'
[ 27.176] RX (0.810s): 'OPMODE\r\nOpmode    PAcket    \r\ncmd:'
[ 27.581] RX (0.406s): ''
[ 27.581] TX: 'MYCALL\r'
[ 28.401] RX (0.820s): 'MYCALL\r\nMYcall    OE3GAS\r\ncmd:'
[ 28.812] RX (0.410s): ''
[ 28.812] -- RISKY ALIST: exists=yes effect='changes OPMODE to ALIST' recovery=PACKET opmode='Opmode PAcket' mycall='MYcall OE3GAS'
[ 28.813] -- RISKY AMTOR (kind=mode): baseline, send 'AMTOR', record 3 s
[ 28.813] TX: '\r'
[ 29.633] RX (0.819s): '\r\ncmd:'
[ 30.043] RX (0.410s): ''
[ 30.043] TX: 'AMTOR\r'
[ 30.861] RX (0.817s): 'AMTOR\r\nOpmode   was PAcket    \r\nOpmode   now AMtor     \r\ncmd:'
[ 31.276] RX (0.416s): ''
[ 31.687] RX (0.410s): ''
[ 32.101] RX (0.414s): ''
[ 32.513] RX (0.412s): ''
[ 32.921] RX (0.408s): ''
[ 33.334] RX (0.414s): ''
[ 33.334] TX: 'PACKET\r'
[ 34.146] RX (0.812s): 'PACKET\r\nOpmode   was AMtor     \r\nOpmode   now PAcket    \r\ncmd:'
[ 34.551] RX (0.404s): ''
[ 34.551] -- recovery step PACKET: cmd: reached
[ 34.551] TX: 'OPMODE\r'
[ 35.368] RX (0.817s): 'OPMODE\r\nOpmode    PAcket    \r\ncmd:'
[ 35.779] RX (0.411s): ''
[ 35.779] TX: 'MYCALL\r'
[ 36.598] RX (0.819s): 'MYCALL\r\nMYcall    OE3GAS\r\ncmd:'
[ 37.010] RX (0.412s): ''
[ 37.010] -- RISKY AMTOR: exists=yes effect='changes OPMODE to AMTOR' recovery=PACKET opmode='Opmode PAcket' mycall='MYcall OE3GAS'
[ 37.011] -- RISKY ACHG (kind=action_tx): baseline, send 'ACHG', record 3 s in AMTOR
[ 37.011] -- MODE ENTER AMTOR
[ 37.011] TX: 'AMTOR\r'
[ 37.311] TX: '\x03'
[ 38.134] RX (0.823s): 'AMTOR\r\nOpmode   was PAcket    \r\nOpmode   now AMtor     \r\ncmd:cmd:'
[ 38.134] TX: '\r'
[ 38.955] RX (0.821s): '\r\ncmd:'
[ 39.356] RX (0.401s): ''
[ 39.356] TX: 'OPMODE\r'
[ 40.168] RX (0.812s): 'OPMODE\r\nOpmode    AMtor      STBY RCVE\r\ncmd:'
[ 40.575] RX (0.407s): ''
[ 40.575] TX: '\r'
[ 41.386] RX (0.810s): '\r\ncmd:'
[ 41.793] RX (0.406s): ''
[ 41.793] TX: 'ACHG\r'
[ 42.602] RX (0.810s): 'ACHG\r\n?not while in AMtor     \r\ncmd:'
[ 43.013] RX (0.411s): ''
[ 43.420] RX (0.407s): ''
[ 43.831] RX (0.411s): ''
[ 44.247] RX (0.416s): ''
[ 44.657] RX (0.410s): ''
[ 45.068] RX (0.411s): ''
[ 45.068] TX: '\x03'
[ 45.895] RX (0.826s): 'cmd:'
[ 46.295] RX (0.400s): ''
[ 46.295] -- recovery step Ctrl-C: cmd: reached
[ 46.295] -- MODE ENTER PACKET
[ 46.295] TX: 'PACKET\r'
[ 46.595] TX: '\x03'
[ 47.414] RX (0.819s): 'PACKET\r\nOpmode   was AMtor     \r\nOpmode   now PAcket    \r\ncmd:cmd:'
[ 47.415] TX: 'OPMODE\r'
[ 48.232] RX (0.817s): 'OPMODE\r\nOpmode    PAcket    \r\ncmd:'
[ 48.635] RX (0.403s): ''
[ 48.635] TX: 'MYCALL\r'
[ 49.446] RX (0.811s): 'MYCALL\r\nMYcall    OE3GAS\r\ncmd:'
[ 49.849] RX (0.403s): ''
[ 49.849] -- RISKY ACHG: exists=yes effect='' recovery=Ctrl-C opmode='Opmode PAcket' mycall='MYcall OE3GAS'
[ 49.850] -- RISKY ARQ (kind=action_tx): baseline, send 'ARQ NOCALL', record 3 s
[ 49.850] TX: '\r'
[ 50.674] RX (0.824s): '\r\ncmd:'
[ 51.084] RX (0.410s): ''
[ 51.084] TX: 'ARQ NOCALL\r'
[ 51.910] RX (0.825s): 'ARQ NOCALL\r\n?callsign\r\ncmd:'
[ 52.310] RX (0.400s): ''
[ 52.720] RX (0.410s): ''
[ 53.130] RX (0.409s): ''
[ 53.531] RX (0.401s): ''
[ 53.945] RX (0.415s): ''
[ 54.355] RX (0.410s): ''
[ 54.356] TX: '\x03'
[ 54.856] TX: 'DISCONNE\r'
[ 55.357] TX: 'PACKET\r'
[ 56.164] RX (0.807s): 'cmd:DISCONNE\r\nLink state is: DISCONNECTED\r\ncmd:PACKET\r\nOpmode   was PAcket    \r\nOpmode   now PAcket    \r\ncmd:'
[ 56.569] RX (0.405s): ''
[ 56.569] -- recovery step Ctrl-C+DISCONNE+PACKET: cmd: reached
[ 56.569] TX: 'OPMODE\r'
[ 57.386] RX (0.816s): 'OPMODE\r\nOpmode    PAcket    \r\ncmd:'
[ 57.796] RX (0.410s): ''
[ 57.796] TX: 'MYCALL\r'
[ 58.612] RX (0.816s): 'MYCALL\r\nMYcall    OE3GAS\r\ncmd:'
[ 59.022] RX (0.410s): ''
[ 59.022] -- RISKY ARQ: exists=yes effect='' recovery=Ctrl-C+DISCONNE+PACKET opmode='Opmode PAcket' mycall='MYcall OE3GAS'
[ 59.023] -- RISKY FEC (kind=action_tx): baseline, send 'FEC', record 3 s
[ 59.023] TX: '\r'
[ 59.849] RX (0.826s): '\r\ncmd:'
[ 60.250] RX (0.400s): ''
[ 60.250] TX: 'FEC\r'
[ 61.070] RX (0.820s): 'FEC\r\nOpmode   was PAcket    \r\nOpmode   now FEc       \r\n'
[ 61.470] RX (0.400s): ''
[ 61.880] RX (0.409s): ''
[ 62.290] RX (0.411s): ''
[ 62.695] RX (0.404s): ''
[ 63.098] RX (0.403s): ''
[ 63.511] RX (0.413s): ''
[ 63.511] TX: '\x03'
[ 64.011] TX: 'PACKET\r'
[ 64.821] RX (0.810s): 'cmd:PACKET\r\nOpmode   was FEc       \r\nOpmode   now PAcket    \r\ncmd:'
[ 65.233] RX (0.411s): ''
[ 65.233] -- recovery step Ctrl-C+PACKET: cmd: reached
[ 65.233] TX: 'OPMODE\r'
[ 66.052] RX (0.819s): 'OPMODE\r\nOpmode    PAcket    \r\ncmd:'
[ 66.455] RX (0.402s): ''
[ 66.455] TX: 'MYCALL\r'
[ 67.275] RX (0.819s): 'MYCALL\r\nMYcall    OE3GAS\r\ncmd:'
[ 67.683] RX (0.408s): ''
[ 67.683] -- RISKY FEC: exists=yes effect='changes OPMODE to FEC' recovery=Ctrl-C+PACKET opmode='Opmode PAcket' mycall='MYcall OE3GAS'
[ 67.684] -- RISKY ID (kind=action_tx): baseline, send 'ID', record 3 s
[ 67.684] TX: '\r'
[ 68.502] RX (0.818s): '\r\ncmd:'
[ 68.913] RX (0.411s): ''
[ 68.913] TX: 'ID\r'
[ 69.735] RX (0.822s): 'ID\r\ncmd:'
[ 70.144] RX (0.408s): ''
[ 70.545] RX (0.402s): ''
[ 70.949] RX (0.404s): ''
[ 71.357] RX (0.408s): ''
[ 71.759] RX (0.402s): ''
[ 72.163] RX (0.403s): ''
[ 72.163] TX: '\x03'
[ 72.990] RX (0.827s): 'cmd:'
[ 73.392] RX (0.403s): ''
[ 73.393] -- recovery step Ctrl-C: cmd: reached
[ 73.393] TX: 'OPMODE\r'
[ 74.213] RX (0.821s): 'OPMODE\r\nOpmode    PAcket    \r\ncmd:'
[ 74.623] RX (0.409s): ''
[ 74.623] TX: 'MYCALL\r'
[ 75.440] RX (0.817s): 'MYCALL\r\nMYcall    OE3GAS\r\ncmd:'
[ 75.849] RX (0.409s): ''
[ 75.850] -- RISKY ID: exists=yes effect='no output' recovery=Ctrl-C opmode='Opmode PAcket' mycall='MYcall OE3GAS'
[ 75.850] -- RISKY OVER (kind=action_tx): baseline, send 'OVER', record 3 s in AMTOR
[ 75.850] -- MODE ENTER AMTOR
[ 75.850] TX: 'AMTOR\r'
[ 76.150] TX: '\x03'
[ 76.975] RX (0.825s): 'AMTOR\r\nOpmode   was PAcket    \r\nOpmode   now AMtor     \r\ncmd:cmd:'
[ 76.976] TX: '\r'
[ 77.778] RX (0.803s): '\r\ncmd:'
[ 78.184] RX (0.406s): ''
[ 78.184] TX: 'OPMODE\r'
[ 78.993] RX (0.808s): 'OPMODE\r\nOpmode    AMtor      STBY RCVE\r\ncmd:'
[ 79.406] RX (0.413s): ''
[ 79.406] TX: '\r'
[ 80.223] RX (0.817s): '\r\ncmd:'
[ 80.634] RX (0.411s): ''
[ 80.634] TX: 'OVER\r'
[ 81.456] RX (0.821s): 'OVER\r\n?not while in AMtor     \r\ncmd:'
[ 81.866] RX (0.410s): ''
[ 82.276] RX (0.410s): ''
[ 82.686] RX (0.410s): ''
[ 83.097] RX (0.411s): ''
[ 83.503] RX (0.406s): ''
[ 83.918] RX (0.415s): ''
[ 83.918] TX: '\x03'
[ 84.739] RX (0.821s): 'cmd:'
[ 85.141] RX (0.403s): ''
[ 85.141] -- recovery step Ctrl-C: cmd: reached
[ 85.141] -- MODE ENTER PACKET
[ 85.141] TX: 'PACKET\r'
[ 85.442] TX: '\x03'
[ 86.249] RX (0.807s): 'PACKET\r\nOpmode   was AMtor     \r\nOpmode   now PAcket    \r\ncmd:cmd:'
[ 86.249] TX: 'OPMODE\r'
[ 87.064] RX (0.814s): 'OPMODE\r\nOpmode    PAcket    \r\ncmd:'
[ 87.473] RX (0.409s): ''
[ 87.473] TX: 'MYCALL\r'
[ 88.298] RX (0.824s): 'MYCALL\r\nMYcall    OE3GAS\r\ncmd:'
[ 88.708] RX (0.410s): ''
[ 88.708] -- RISKY OVER: exists=yes effect='' recovery=Ctrl-C opmode='Opmode PAcket' mycall='MYcall OE3GAS'
[ 88.708] -- RISKY PTCONN (kind=action_tx): baseline, send 'PTCONN NOCALL', record 3 s
[ 88.708] TX: '\r'
[ 89.530] RX (0.822s): '\r\ncmd:'
[ 89.941] RX (0.410s): ''
[ 89.941] TX: 'PTCONN NOCALL\r'
[ 90.755] RX (0.814s): 'PTCONN NOCALL\r\nOpmode   was PAcket    \r\nOpmode   now PTConn    \r\n'
[ 91.155] RX (0.401s): ''
[ 91.566] RX (0.410s): ''
[ 91.976] RX (0.410s): ''
[ 92.387] RX (0.412s): ''
[ 92.796] RX (0.408s): ''
[ 93.204] RX (0.408s): ''
[ 93.204] TX: '\x03'
[ 93.704] TX: 'DISCONNE\r'
[ 94.205] TX: 'PACKET\r'
[ 95.022] RX (0.817s): 'cmd:DISCONNE\r\n?not while in PTConn    \r\ncmd:PACKET\r\nOpmode   was PTConn    \r\nOpmode   now PAcket    \r\ncmd:'
[ 95.425] RX (0.403s): ''
[ 95.425] -- recovery step Ctrl-C+DISCONNE+PACKET: cmd: reached
[ 95.425] TX: 'OPMODE\r'
[ 96.251] RX (0.825s): 'OPMODE\r\nOpmode    PAcket    \r\ncmd:'
[ 96.654] RX (0.403s): ''
[ 96.654] TX: 'MYCALL\r'
[ 97.473] RX (0.818s): 'MYCALL\r\nMYcall    OE3GAS\r\ncmd:'
[ 97.882] RX (0.409s): ''
[ 97.882] -- RISKY PTCONN: exists=yes effect='changes OPMODE to PTCONN' recovery=Ctrl-C+DISCONNE+PACKET opmode='Opmode PAcket' mycall='MYcall OE3GAS'
[ 97.883] -- RISKY SELFEC (kind=action_tx): baseline, send 'SELFEC NOCALL', record 3 s
[ 97.883] TX: '\r'
[ 98.697] RX (0.814s): '\r\ncmd:'
[ 99.107] RX (0.410s): ''
[ 99.107] TX: 'SELFEC NOCALL\r'
[ 99.925] RX (0.817s): 'SELFEC NOCALL\r\n?callsign\r\ncmd:'
[100.334] RX (0.409s): ''
[100.739] RX (0.405s): ''
[101.141] RX (0.402s): ''
[101.545] RX (0.404s): ''
[101.950] RX (0.405s): ''
[102.360] RX (0.409s): ''
[102.360] TX: '\x03'
[102.860] TX: 'DISCONNE\r'
[103.361] TX: 'PACKET\r'
[104.188] RX (0.827s): 'cmd:DISCONNE\r\nLink state is: DISCONNECTED\r\ncmd:PACKET\r\nOpmode   was PAcket    \r\nOpmode   now PAcket    \r\ncmd:'
[104.599] RX (0.411s): ''
[104.600] -- recovery step Ctrl-C+DISCONNE+PACKET: cmd: reached
[104.600] TX: 'OPMODE\r'
[105.410] RX (0.810s): 'OPMODE\r\nOpmode    PAcket    \r\ncmd:'
[105.820] RX (0.410s): ''
[105.820] TX: 'MYCALL\r'
[106.645] RX (0.824s): 'MYCALL\r\nMYcall    OE3GAS\r\ncmd:'
[107.057] RX (0.412s): ''
[107.057] -- RISKY SELFEC: exists=yes effect='' recovery=Ctrl-C+DISCONNE+PACKET opmode='Opmode PAcket' mycall='MYcall OE3GAS'
[107.057] -- RISKY XMIT (kind=action_tx): baseline, send 'XMIT', record 3 s in BAUDOT
[107.057] -- MODE ENTER BAUDOT
[107.057] TX: 'BAUDOT\r'
[107.358] TX: '\x03'
[108.167] RX (0.809s): 'BAUDOT\r\nOpmode   was PAcket    \r\nOpmode   now BAudot    \r\ncmd:cmd:'
[108.168] TX: '\r'
[108.983] RX (0.816s): '\r\ncmd:'
[109.386] RX (0.402s): ''
[109.386] TX: 'OPMODE\r'
[110.204] RX (0.818s): 'OPMODE\r\nOpmode    BAudot     RCVE\r\ncmd:'
[110.616] RX (0.411s): ''
[110.616] TX: '\r'
[111.441] RX (0.824s): '\r\ncmd:'
[111.851] RX (0.410s): ''
[111.851] TX: 'XMIT\r'
[112.662] RX (0.811s): 'XMIT\r\n'
[113.071] RX (0.409s): ''
[113.472] RX (0.401s): ''
[113.883] RX (0.411s): ''
[114.293] RX (0.409s): ''
[114.705] RX (0.412s): ''
[115.105] RX (0.401s): ''
[115.105] TX: '\x03'
[115.923] RX (0.817s): 'cmd:'
[116.323] RX (0.400s): ''
[116.323] -- recovery step Ctrl-C: cmd: reached
[116.323] -- MODE ENTER PACKET
[116.323] TX: 'PACKET\r'
[116.623] TX: '\x03'
[117.439] RX (0.815s): 'PACKET\r\nOpmode   was BAudot    \r\nOpmode   now PAcket    \r\ncmd:cmd:'
[117.439] TX: 'OPMODE\r'
[118.241] RX (0.801s): 'OPMODE\r\nOpmode    PAcket    \r\ncmd:'
[118.643] RX (0.402s): ''
[118.643] TX: 'MYCALL\r'
[119.456] RX (0.813s): 'MYCALL\r\nMYcall    OE3GAS\r\ncmd:'
[119.857] RX (0.401s): ''
[119.857] -- RISKY XMIT: exists=yes effect='starts the transmission' recovery=Ctrl-C opmode='Opmode PAcket' mycall='MYcall OE3GAS'
[119.858] TX: '\r'
[120.658] RX (0.800s): '\r\ncmd:'
[121.073] RX (0.415s): ''
[121.073] TX: 'MYCALL PK232\r'
[121.873] RX (0.800s): 'MYCALL PK232\r\nMYcall    was OE3GAS\r\nMYcall    now PK232\r\ncmd:'
[122.274] RX (0.401s): ''
[122.274] TX: 'MYCALL\r'
[123.091] RX (0.816s): 'MYCALL\r\nMYcall    PK232\r\ncmd:'
[123.505] RX (0.414s): ''
[123.505] -- restore MYCALL: set 'PK232'; device shows 'PK232', wanted 'PK232': ok
[123.505] TX: 'MYSELCAL NONE\r'
[124.306] RX (0.801s): 'MYSELCAL NONE\r\nMYSelcal  was OEAS\r\nMYSelcal  now NONE\r\ncmd:'
[124.708] RX (0.402s): ''
[124.708] TX: 'MYSELCAL\r'
[125.510] RX (0.802s): 'MYSELCAL\r\nMYSelcal  NONE\r\ncmd:'
[125.923] RX (0.414s): ''
[125.923] -- restore MYSELCAL: set 'NONE'; device shows 'NONE', wanted 'NONE': ok
[125.924] -- MODE ENTER PACKET
[125.924] TX: 'PACKET\r'
[126.224] TX: '\x03'
[127.049] RX (0.824s): 'PACKET\r\nOpmode   was PAcket    \r\nOpmode   now PAcket    \r\ncmd:cmd:'
[127.049] TX: 'EXPERT OFF\r'
[127.867] RX (0.818s): 'EXPERT OFF\r\nEXPert    was ON\r\nEXPert    now OFF\r\ncmd:'
[127.867] TX: 'DISPLAY\r'
[128.534] RX (0.667s): 'DISPLAY\r\n(See also DISPLAY A,B,C,F,G,I,L,M,R,T,Z)\r\nConnect   Link state is: DISCONNECTED\r\nUPlink    \r\nOpmode    PAcket    \r\nEXPert    OFF\r\nFRack     4 (4 sec.)\r\nHBaud     1200\r\nMAXframe  4\r\nMonitor   4 (UA DM C D I UI)\r\nMYcall    PK232\r\nMYSelcal  NONE\r\nPACLen    128\r\nRBaud     45\r\nTXdelay   30 (300 msec.)\r\nVhf    '
[129.358] RX (0.824s): '   ON\r\nWIdeshft  OFF\r\ncmd:'
[129.763] RX (0.405s): ''

# end of log -- 2026-10-07T19:20:12
