# PK-232 scan debug log -- 2026-10-07T19:37:25
# [t+sec] TAG: data   (TX=gesendet | RX=empfangen mit Wartezeit | --=Notiz)

[  4.003] -- wake step 1: '*' without CR
[  4.003] TX: '*'
[  4.814] RX (0.811s): '*\\\r\ncmd:'
[  5.229] RX (0.415s): ''
[  5.229] TX: 'RESTART\r'
[  6.033] RX (0.803s): 'RESTART\r\n  \r\n\r\n\r\n\x11AEA PK-232M Data Controller\r\nCopyright (C) 1986-1991 by\r\nAdvanced Electronic Applications, Inc.\r\nRelease 01.AUG.91\r\n\r\ncmd:'
[  6.448] RX (0.415s): ''
[  6.448] TX: '\x03'
[  7.276] RX (0.828s): 'cmd:'
[  7.277] TX: 'ECHO\r'
[  8.081] RX (0.804s): 'ECHO\r\nEcho      ON\r\ncmd:'
[  8.481] RX (0.400s): ''
[  8.481] TX: 'OPMODE\r'
[  9.282] RX (0.800s): 'OPMODE\r\nOpmode    PAcket    \r\ncmd:'
[  9.683] RX (0.401s): ''
[  9.683] TX: 'DISPLAY\r'
[ 10.484] RX (0.801s): 'DISPLAY\r\n(See also DISPLAY A,B,C,F,I,L,M,R,T,Z)\r\nConnect   Link state is: DISCONNECTED\r\nOpmode    PAcket    \r\nFRack     5 (5 sec.)\r\nHBaud     1200\r\nMAXframe  4\r\nMonitor   4 (UA DM C D I UI)\r\nMYcall    PK232\r\nMYSelcal  NONE\r\nPACLen    128\r\nRBaud     45\r\nTXdelay   30 (300 msec.)\r\nVhf       ON\r\nWIdeshft  OFF\r\ncmd:'
[ 10.898] RX (0.414s): ''
[ 10.898] -- BANNER geparst: release=01.AUG.91
[ 10.898] -- Phase: EXPERT entsperren
[ 10.898] TX: 'EXPERT\r'
[ 11.699] RX (0.801s): 'EXPERT\r\n?What?\r\ncmd:'
[ 11.702] TX: 'MYCALL\r'
[ 12.516] RX (0.814s): 'MYCALL\r\nMYcall    PK232\r\ncmd:'
[ 12.931] RX (0.415s): ''
[ 12.931] TX: 'MYSELCAL\r'
[ 13.733] RX (0.801s): 'MYSELCAL\r\nMYSelcal  NONE\r\ncmd:'
[ 14.147] RX (0.414s): ''
[ 14.147] TX: 'MYCALL OE3GAS\r'
[ 14.948] RX (0.801s): 'MYCALL OE3GAS\r\nMYcall    was PK232\r\nMYcall    now OE3GAS\r\ncmd:'
[ 15.348] RX (0.400s): ''
[ 15.349] TX: 'MYSELCAL OEAS\r'
[ 16.165] RX (0.816s): 'MYSELCAL OEAS\r\nMYSelcal  was NONE\r\nMYSelcal  now OEAS\r\ncmd:'
[ 16.565] RX (0.400s): ''
[ 16.565] -- RISKY ALIST (kind=mode): baseline, send 'ALIST', record 3 s
[ 16.565] TX: '\r'
[ 17.382] RX (0.816s): '\r\ncmd:'
[ 17.783] RX (0.401s): ''
[ 17.783] TX: 'ALIST\r'
[ 18.598] RX (0.815s): 'ALIST\r\nOpmode   was PAcket    \r\nOpmode   now AList     \r\ncmd:'
[ 19.013] RX (0.414s): ''
[ 19.415] RX (0.403s): ''
[ 19.817] RX (0.402s): ''
[ 20.232] RX (0.414s): ''
[ 20.633] RX (0.401s): ''
[ 21.049] RX (0.415s): ''
[ 21.049] TX: 'PACKET\r'
[ 21.865] RX (0.816s): 'PACKET\r\nOpmode   was AList     \r\nOpmode   now PAcket    \r\ncmd:'
[ 22.279] RX (0.413s): ''
[ 22.279] -- recovery step PACKET: cmd: reached
[ 22.279] TX: 'OPMODE\r'
[ 23.085] RX (0.806s): 'OPMODE\r\nOpmode    PAcket    \r\ncmd:'
[ 23.497] RX (0.412s): ''
[ 23.497] TX: 'MYCALL\r'
[ 24.299] RX (0.802s): 'MYCALL\r\nMYcall    OE3GAS\r\ncmd:'
[ 24.700] RX (0.401s): ''
[ 24.700] -- RISKY ALIST: exists=yes effect='changes OPMODE to ALIST' recovery=PACKET opmode='Opmode PAcket' mycall='MYcall OE3GAS'
[ 24.701] -- RISKY AMTOR (kind=mode): baseline, send 'AMTOR', record 3 s
[ 24.701] TX: '\r'
[ 25.517] RX (0.816s): '\r\ncmd:'
[ 25.918] RX (0.401s): ''
[ 25.919] TX: 'AMTOR\r'
[ 26.732] RX (0.814s): 'AMTOR\r\nOpmode   was PAcket    \r\nOpmode   now AMtor     \r\ncmd:'
[ 27.133] RX (0.400s): ''
[ 27.533] RX (0.400s): ''
[ 27.933] RX (0.400s): ''
[ 28.333] RX (0.400s): ''
[ 28.749] RX (0.416s): ''
[ 29.163] RX (0.414s): ''
[ 29.164] TX: 'PACKET\r'
[ 29.982] RX (0.819s): 'PACKET\r\nOpmode   was AMtor     \r\nOpmode   now PAcket    \r\ncmd:'
[ 30.398] RX (0.415s): ''
[ 30.398] -- recovery step PACKET: cmd: reached
[ 30.398] TX: 'OPMODE\r'
[ 31.200] RX (0.802s): 'OPMODE\r\nOpmode    PAcket    \r\ncmd:'
[ 31.616] RX (0.416s): ''
[ 31.616] TX: 'MYCALL\r'
[ 32.417] RX (0.801s): 'MYCALL\r\nMYcall    OE3GAS\r\ncmd:'
[ 32.833] RX (0.415s): ''
[ 32.833] -- RISKY AMTOR: exists=yes effect='changes OPMODE to AMTOR' recovery=PACKET opmode='Opmode PAcket' mycall='MYcall OE3GAS'
[ 32.833] -- RISKY ACHG (kind=action_tx): baseline, send 'ACHG', record 3 s in AMTOR
[ 32.833] -- MODE ENTER AMTOR
[ 32.833] TX: 'AMTOR\r'
[ 33.133] TX: '\x03'
[ 33.948] RX (0.815s): 'AMTOR\r\nOpmode   was PAcket    \r\nOpmode   now AMtor     \r\ncmd:cmd:'
[ 33.949] TX: '\r'
[ 34.750] RX (0.801s): '\r\ncmd:'
[ 35.150] RX (0.400s): ''
[ 35.150] TX: 'OPMODE\r'
[ 35.965] RX (0.814s): 'OPMODE\r\nOpmode    AMtor      STBY RCVE\r\ncmd:'
[ 36.366] RX (0.401s): ''
[ 36.366] TX: '\r'
[ 37.182] RX (0.816s): '\r\ncmd:'
[ 37.583] RX (0.401s): ''
[ 37.583] TX: 'ACHG\r'
[ 38.401] RX (0.818s): 'ACHG\r\n?not while in AMtor     \r\ncmd:'
[ 38.816] RX (0.415s): ''
[ 39.216] RX (0.401s): ''
[ 39.618] RX (0.401s): ''
[ 40.032] RX (0.414s): ''
[ 40.436] RX (0.404s): ''
[ 40.849] RX (0.414s): ''
[ 40.849] TX: '\x03'
[ 41.652] RX (0.803s): 'cmd:'
[ 42.053] RX (0.400s): ''
[ 42.053] -- recovery step Ctrl-C: cmd: reached
[ 42.053] -- MODE ENTER PACKET
[ 42.053] TX: 'PACKET\r'
[ 42.353] TX: '\x03'
[ 43.168] RX (0.814s): 'PACKET\r\nOpmode   was AMtor     \r\nOpmode   now PAcket    \r\ncmd:cmd:'
[ 43.168] TX: 'OPMODE\r'
[ 43.969] RX (0.801s): 'OPMODE\r\nOpmode    PAcket    \r\ncmd:'
[ 44.383] RX (0.414s): ''
[ 44.383] TX: 'MYCALL\r'
[ 45.184] RX (0.801s): 'MYCALL\r\nMYcall    OE3GAS\r\ncmd:'
[ 45.599] RX (0.415s): ''
[ 45.599] -- RISKY ACHG: exists=yes effect='' recovery=Ctrl-C opmode='Opmode PAcket' mycall='MYcall OE3GAS'
[ 45.599] -- RISKY ARQ (kind=action_tx): baseline, send 'ARQ NOCALL', record 3 s
[ 45.599] TX: '\r'
[ 46.401] RX (0.802s): '\r\ncmd:'
[ 46.801] RX (0.400s): ''
[ 46.801] TX: 'ARQ NOCALL\r'
[ 47.616] RX (0.815s): 'ARQ NOCALL\r\n?callsign\r\ncmd:'
[ 48.017] RX (0.400s): ''
[ 48.417] RX (0.400s): ''
[ 48.817] RX (0.400s): ''
[ 49.218] RX (0.401s): ''
[ 49.633] RX (0.415s): ''
[ 50.033] RX (0.400s): ''
[ 50.034] TX: '\x03'
[ 50.535] TX: 'DISCONNE\r'
[ 51.035] TX: 'PACKET\r'
[ 51.852] RX (0.816s): 'cmd:DISCONNE\r\nLink state is: DISCONNECTED\r\ncmd:PACKET\r\nOpmode   was PAcket    \r\nOpmode   now PAcket    \r\ncmd:'
[ 52.253] RX (0.401s): ''
[ 52.253] -- recovery step Ctrl-C+DISCONNE+PACKET: cmd: reached
[ 52.253] TX: 'OPMODE\r'
[ 53.065] RX (0.812s): 'OPMODE\r\nOpmode    PAcket    \r\ncmd:'
[ 53.466] RX (0.401s): ''
[ 53.466] TX: 'MYCALL\r'
[ 54.267] RX (0.801s): 'MYCALL\r\nMYcall    OE3GAS\r\ncmd:'
[ 54.668] RX (0.401s): ''
[ 54.668] -- RISKY ARQ: exists=yes effect='' recovery=Ctrl-C+DISCONNE+PACKET opmode='Opmode PAcket' mycall='MYcall OE3GAS'
[ 54.669] -- RISKY FEC (kind=action_tx): baseline, send 'FEC', record 3 s
[ 54.669] TX: '\r'
[ 55.468] RX (0.799s): '\r\ncmd:'
[ 55.868] RX (0.400s): ''
[ 55.869] TX: 'FEC\r'
[ 56.700] RX (0.831s): 'FEC\r\nOpmode   was PAcket    \r\nOpmode   now FEc       \r\n'
[ 57.101] RX (0.401s): ''
[ 57.501] RX (0.400s): ''
[ 57.902] RX (0.401s): ''
[ 58.317] RX (0.415s): ''
[ 58.717] RX (0.400s): ''
[ 59.133] RX (0.416s): ''
[ 59.133] TX: '\x03'
[ 59.634] TX: 'PACKET\r'
[ 60.435] RX (0.801s): 'cmd:PACKET\r\nOpmode   was FEc       \r\nOpmode   now PAcket    \r\ncmd:'
[ 60.836] RX (0.400s): ''
[ 60.836] -- recovery step Ctrl-C+PACKET: cmd: reached
[ 60.836] TX: 'OPMODE\r'
[ 61.650] RX (0.814s): 'OPMODE\r\nOpmode    PAcket    \r\ncmd:'
[ 62.050] RX (0.400s): ''
[ 62.051] TX: 'MYCALL\r'
[ 62.852] RX (0.801s): 'MYCALL\r\nMYcall    OE3GAS\r\ncmd:'
[ 63.267] RX (0.415s): ''
[ 63.267] -- RISKY FEC: exists=yes effect='changes OPMODE to FEC' recovery=Ctrl-C+PACKET opmode='Opmode PAcket' mycall='MYcall OE3GAS'
[ 63.267] -- RISKY ID (kind=action_tx): baseline, send 'ID', record 3 s
[ 63.267] TX: '\r'
[ 64.069] RX (0.802s): '\r\ncmd:'
[ 64.484] RX (0.415s): ''
[ 64.484] TX: 'ID\r'
[ 65.301] RX (0.816s): 'ID\r\ncmd:'
[ 65.702] RX (0.401s): ''
[ 66.117] RX (0.415s): ''
[ 66.519] RX (0.401s): ''
[ 66.933] RX (0.414s): ''
[ 67.335] RX (0.402s): ''
[ 67.735] RX (0.400s): ''
[ 67.735] TX: '\x03'
[ 68.551] RX (0.816s): 'cmd:'
[ 68.965] RX (0.415s): ''
[ 68.966] -- recovery step Ctrl-C: cmd: reached
[ 68.966] TX: 'OPMODE\r'
[ 69.768] RX (0.802s): 'OPMODE\r\nOpmode    PAcket    \r\ncmd:'
[ 70.168] RX (0.400s): ''
[ 70.168] TX: 'MYCALL\r'
[ 70.984] RX (0.816s): 'MYCALL\r\nMYcall    OE3GAS\r\ncmd:'
[ 71.385] RX (0.400s): ''
[ 71.385] -- RISKY ID: exists=yes effect='no output' recovery=Ctrl-C opmode='Opmode PAcket' mycall='MYcall OE3GAS'
[ 71.385] -- RISKY OVER (kind=action_tx): baseline, send 'OVER', record 3 s in AMTOR
[ 71.385] -- MODE ENTER AMTOR
[ 71.385] TX: 'AMTOR\r'
[ 71.686] TX: '\x03'
[ 72.503] RX (0.816s): 'AMTOR\r\nOpmode   was PAcket    \r\nOpmode   now AMtor     \r\ncmd:cmd:'
[ 72.503] TX: '\r'
[ 73.318] RX (0.815s): '\r\ncmd:'
[ 73.719] RX (0.402s): ''
[ 73.720] TX: 'OPMODE\r'
[ 74.533] RX (0.813s): 'OPMODE\r\nOpmode    AMtor      STBY RCVE\r\ncmd:'
[ 74.935] RX (0.402s): ''
[ 74.935] TX: '\r'
[ 75.750] RX (0.814s): '\r\ncmd:'
[ 76.150] RX (0.400s): ''
[ 76.150] TX: 'OVER\r'
[ 76.951] RX (0.801s): 'OVER\r\n?What?\r\ncmd:'
[ 77.351] RX (0.400s): ''
[ 77.753] RX (0.402s): ''
[ 78.167] RX (0.414s): ''
[ 78.568] RX (0.400s): ''
[ 78.968] RX (0.401s): ''
[ 79.369] RX (0.401s): ''
[ 79.369] -- MODE ENTER PACKET
[ 79.369] TX: 'PACKET\r'
[ 79.670] TX: '\x03'
[ 80.471] RX (0.802s): 'PACKET\r\nOpmode   was AMtor     \r\nOpmode   now PAcket    \r\ncmd:cmd:'
[ 80.472] TX: 'OPMODE\r'
[ 81.285] RX (0.813s): 'OPMODE\r\nOpmode    PAcket    \r\ncmd:'
[ 81.685] RX (0.400s): ''
[ 81.685] TX: 'MYCALL\r'
[ 82.502] RX (0.816s): 'MYCALL\r\nMYcall    OE3GAS\r\ncmd:'
[ 82.902] RX (0.400s): ''
[ 82.902] -- RISKY OVER: exists=no effect='unknown command' recovery=none needed opmode='Opmode PAcket' mycall='MYcall OE3GAS'
[ 82.902] -- RISKY SELFEC (kind=action_tx): baseline, send 'SELFEC NOCALL', record 3 s
[ 82.902] TX: '\r'
[ 83.717] RX (0.814s): '\r\ncmd:'
[ 84.117] RX (0.400s): ''
[ 84.117] TX: 'SELFEC NOCALL\r'
[ 84.918] RX (0.801s): 'SELFEC NOCALL\r\n?callsign\r\ncmd:'
[ 85.318] RX (0.400s): ''
[ 85.718] RX (0.400s): ''
[ 86.119] RX (0.400s): ''
[ 86.520] RX (0.402s): ''
[ 86.922] RX (0.402s): ''
[ 87.335] RX (0.414s): ''
[ 87.336] TX: '\x03'
[ 87.836] TX: 'DISCONNE\r'
[ 88.337] TX: 'PACKET\r'
[ 89.152] RX (0.815s): 'cmd:DISCONNE\r\nLink state is: DISCONNECTED\r\ncmd:PACKET\r\nOpmode   was PAcket    \r\nOpmode   now PAcket    \r\ncmd:'
[ 89.553] RX (0.401s): ''
[ 89.553] -- recovery step Ctrl-C+DISCONNE+PACKET: cmd: reached
[ 89.553] TX: 'OPMODE\r'
[ 90.367] RX (0.813s): 'OPMODE\r\nOpmode    PAcket    \r\ncmd:'
[ 90.768] RX (0.401s): ''
[ 90.768] TX: 'MYCALL\r'
[ 91.585] RX (0.816s): 'MYCALL\r\nMYcall    OE3GAS\r\ncmd:'
[ 91.986] RX (0.401s): ''
[ 91.986] -- RISKY SELFEC: exists=yes effect='' recovery=Ctrl-C+DISCONNE+PACKET opmode='Opmode PAcket' mycall='MYcall OE3GAS'
[ 91.986] -- RISKY XMIT (kind=action_tx): baseline, send 'XMIT', record 3 s in BAUDOT
[ 91.986] -- MODE ENTER BAUDOT
[ 91.986] TX: 'BAUDOT\r'
[ 92.287] TX: '\x03'
[ 93.102] RX (0.815s): 'BAUDOT\r\nOpmode   was PAcket    \r\nOpmode   now BAudot    \r\ncmd:cmd:'
[ 93.102] TX: '\r'
[ 93.903] RX (0.801s): '\r\ncmd:'
[ 94.304] RX (0.400s): ''
[ 94.304] TX: 'OPMODE\r'
[ 95.119] RX (0.815s): 'OPMODE\r\nOpmode    BAudot     RCVE\r\ncmd:'
[ 95.531] RX (0.412s): ''
[ 95.531] TX: '\r'
[ 96.352] RX (0.820s): '\r\ncmd:'
[ 96.766] RX (0.414s): ''
[ 96.766] TX: 'XMIT\r'
[ 97.581] RX (0.815s): 'XMIT\r\n'
[ 97.982] RX (0.401s): ''
[ 98.383] RX (0.401s): ''
[ 98.785] RX (0.402s): ''
[ 99.201] RX (0.415s): ''
[ 99.602] RX (0.401s): ''
[100.003] RX (0.401s): ''
[100.003] TX: '\x03'
[100.804] RX (0.801s): 'cmd:'
[101.218] RX (0.414s): ''
[101.219] -- recovery step Ctrl-C: cmd: reached
[101.219] -- MODE ENTER PACKET
[101.219] TX: 'PACKET\r'
[101.520] TX: '\x03'
[102.335] RX (0.815s): 'PACKET\r\nOpmode   was BAudot    \r\nOpmode   now PAcket    \r\ncmd:cmd:'
[102.335] TX: 'OPMODE\r'
[103.136] RX (0.801s): 'OPMODE\r\nOpmode    PAcket    \r\ncmd:'
[103.536] RX (0.400s): ''
[103.536] TX: 'MYCALL\r'
[104.337] RX (0.801s): 'MYCALL\r\nMYcall    OE3GAS\r\ncmd:'
[104.737] RX (0.400s): ''
[104.737] -- RISKY XMIT: exists=yes effect='starts the transmission' recovery=Ctrl-C opmode='Opmode PAcket' mycall='MYcall OE3GAS'
[104.738] TX: '\r'
[105.552] RX (0.814s): '\r\ncmd:'
[105.953] RX (0.401s): ''
[105.953] TX: 'MYCALL PK232\r'
[106.769] RX (0.815s): 'MYCALL PK232\r\nMYcall    was OE3GAS\r\nMYcall    now PK232\r\ncmd:'
[107.171] RX (0.402s): ''
[107.171] TX: 'MYCALL\r'
[107.988] RX (0.817s): 'MYCALL\r\nMYcall    PK232\r\ncmd:'
[108.402] RX (0.414s): ''
[108.402] -- restore MYCALL: set 'PK232'; device shows 'PK232', wanted 'PK232': ok
[108.402] TX: 'MYSELCAL NONE\r'
[109.220] RX (0.817s): 'MYSELCAL NONE\r\nMYSelcal  was OEAS\r\nMYSelcal  now NONE\r\ncmd:'
[109.620] RX (0.400s): ''
[109.620] TX: 'MYSELCAL\r'
[110.420] RX (0.800s): 'MYSELCAL\r\nMYSelcal  NONE\r\ncmd:'
[110.836] RX (0.415s): ''
[110.836] -- restore MYSELCAL: set 'NONE'; device shows 'NONE', wanted 'NONE': ok
[110.836] -- MODE ENTER PACKET
[110.836] TX: 'PACKET\r'
[111.136] TX: '\x03'
[111.950] RX (0.814s): 'PACKET\r\nOpmode   was PAcket    \r\nOpmode   now PAcket    \r\ncmd:cmd:'
[111.950] TX: 'DISPLAY\r'
[112.766] RX (0.816s): 'DISPLAY\r\n(See also DISPLAY A,B,C,F,I,L,M,R,T,Z)\r\nConnect   Link state is: DISCONNECTED\r\nOpmode    PAcket    \r\nFRack     5 (5 sec.)\r\nHBaud     1200\r\nMAXframe  4\r\nMonitor   4 (UA DM C D I UI)\r\nMYcall    PK232\r\nMYSelcal  NONE\r\nPACLen    128\r\nRBaud     45\r\nTXdelay   30 (300 msec.)\r\nVhf       ON\r\nWIdeshft  OFF\r\ncmd:'
[113.169] RX (0.403s): ''

# end of log -- 2026-10-07T19:39:19
