# PK-232 scan debug log -- 2026-10-06T19:07:18
# [t+sec] TAG: data   (TX=gesendet | RX=empfangen mit Wartezeit | --=Notiz)

[  0.124] -- wake step 1: '*' without CR
[  0.124] TX: '*'
[  0.948] RX (0.824s): '\\\r\n*'
[  1.359] RX (0.410s): ''
[  1.771] RX (0.412s): ''
[  2.181] RX (0.410s): ''
[  2.181] -- wake step 2: CR
[  2.181] TX: '\r'
[  2.995] RX (0.814s): '\r\ncmd:cmd:'
[  3.401] RX (0.406s): ''
[  3.401] TX: 'RESTART\r'
[  4.219] RX (0.818s): 'RESTART\r\n\x00  \r\n\r\n\r\n\x11AEA PK-232 Data Controller\r\nCopyright (C) 1986, 1987, 1988 by\r\nAdvanced Electronic Applications, Inc.\r\nRelease 30.DEC.88\r\nChecksum $80\r\ncmd:'
[  4.620] RX (0.401s): ''
[  4.620] TX: '\x03'
[  5.435] RX (0.814s): 'cmd:'
[  5.435] -- BANNER geparst: release=30.DEC.88
[  5.435] -- Phase: EXPERT entsperren
[  5.435] TX: 'EXPERT\r'
[  6.257] RX (0.821s): 'EXPERT\r\n?What?\r\ncmd:'
[  6.258] -- MODE ENTER PACKET
[  6.258] TX: 'PACKET\r'
[  6.558] TX: '\x03'
[  7.377] RX (0.819s): 'PACKET\r\nOPMODE   was PACKET   \r\nOPMODE   now PACKET   \r\ncmd:cmd:'
[  7.377] -- === [1/209] ACKPRIOR  (kind=param) ===
[  7.377] TX: 'ACKPRIOR\r'
[  8.198] RX (0.820s): 'ACKPRIOR\r\n?What?\r\ncmd:'
[  8.198] -- DECIDE ACKPRIOR (param) = UNSUPPORTED
[  8.229] -- === [2/209] ACRPACK  (kind=param) ===
[  8.229] TX: 'ACRPACK\r'
[  9.052] RX (0.823s): 'ACRPACK\r\nACRPACK  ON\r\ncmd:'
[  9.052] -- DECIDE ACRPACK (param) = SUPPORTED
[  9.083] -- === [3/209] ALFPACK  (kind=param) ===
[  9.083] TX: 'ALFPACK\r'
[  9.903] RX (0.820s): 'ALFPACK\r\nALFPACK  OFF\r\ncmd:'
[  9.903] -- DECIDE ALFPACK (param) = SUPPORTED
[  9.934] -- === [4/209] AX25L2V2  (kind=param) ===
[  9.934] TX: 'AX25L2V2\r'
[ 10.750] RX (0.816s): 'AX25L2V2\r\nAX25L2V2 ON\r\ncmd:'
[ 10.750] -- DECIDE AX25L2V2 (param) = SUPPORTED
[ 10.781] -- === [5/209] AXDELAY  (kind=param) ===
[ 10.781] TX: 'AXDELAY\r'
[ 11.594] RX (0.813s): 'AXDELAY\r\nAXDELAY  0 (00 msec.)\r\ncmd:'
[ 11.594] -- DECIDE AXDELAY (param) = SUPPORTED
[ 11.624] -- === [6/209] AXHANG  (kind=param) ===
[ 11.625] TX: 'AXHANG\r'
[ 12.428] RX (0.803s): 'AXHANG\r\nAXHANG   0 (000 msec.)\r\ncmd:'
[ 12.428] -- DECIDE AXHANG (param) = SUPPORTED
[ 12.459] -- === [7/209] BEACON  (kind=param) ===
[ 12.459] TX: 'BEACON\r'
[ 13.278] RX (0.819s): 'BEACON\r\nBEACON   EVERY 0 (00 sec.)\r\ncmd:'
[ 13.278] -- DECIDE BEACON (param) = SUPPORTED
[ 13.308] -- === [8/209] BTEXT  (kind=param) ===
[ 13.308] TX: 'BTEXT\r'
[ 14.128] RX (0.820s): 'BTEXT\r\nBTEXT    \r\n\r\ncmd:'
[ 14.129] -- DECIDE BTEXT (param) = SUPPORTED
[ 14.159] -- === [9/209] CANPAC  (kind=param) ===
[ 14.159] TX: 'CANPAC\r'
[ 14.979] RX (0.820s): 'CANPAC\r\nCANPAC   $19 (CTRL-Y)\r\ncmd:'
[ 14.979] -- DECIDE CANPAC (param) = SUPPORTED
[ 15.009] -- === [10/209] CASEDISP  (kind=param) ===
[ 15.009] TX: 'CASEDISP\r'
[ 15.830] RX (0.821s): 'CASEDISP\r\nCASEDISP 0 (as is)\r\ncmd:'
[ 15.830] -- DECIDE CASEDISP (param) = SUPPORTED
[ 15.861] -- === [11/209] CFROM  (kind=param) ===
[ 15.861] TX: 'CFROM\r'
[ 16.681] RX (0.820s): 'CFROM\r\nCFROM    all\r\ncmd:'
[ 16.681] -- DECIDE CFROM (param) = SUPPORTED
[ 16.712] -- === [12/209] CHCALL  (kind=param) ===
[ 16.712] TX: 'CHCALL\r'
[ 17.532] RX (0.821s): 'CHCALL\r\nCHCALL   OFF\r\ncmd:'
[ 17.533] -- DECIDE CHCALL (param) = SUPPORTED
[ 17.563] -- === [13/209] CHDOUBLE  (kind=param) ===
[ 17.563] TX: 'CHDOUBLE\r'
[ 18.375] RX (0.812s): 'CHDOUBLE\r\nCHDOUBLE OFF\r\ncmd:'
[ 18.375] -- DECIDE CHDOUBLE (param) = SUPPORTED
[ 18.406] -- === [14/209] CHECK  (kind=param) ===
[ 18.406] TX: 'CHECK\r'
[ 19.219] RX (0.813s): 'CHECK\r\nCHECK    30 (300 sec.)\r\ncmd:'
[ 19.219] -- DECIDE CHECK (param) = SUPPORTED
[ 19.249] -- === [15/209] CHSWITCH  (kind=param) ===
[ 19.249] TX: 'CHSWITCH\r'
[ 20.054] RX (0.805s): 'CHSWITCH\r\nCHSWITCH $00\r\ncmd:'
[ 20.054] -- DECIDE CHSWITCH (param) = SUPPORTED
[ 20.085] -- === [16/209] CONMODE  (kind=param) ===
[ 20.085] TX: 'CONMODE\r'
[ 20.905] RX (0.820s): 'CONMODE\r\nCONMODE  CONVERSE\r\ncmd:'
[ 20.905] -- DECIDE CONMODE (param) = SUPPORTED
[ 20.936] -- === [17/209] CONOK  (kind=param) ===
[ 20.936] TX: 'CONOK\r'
[ 21.758] RX (0.822s): 'CONOK\r\nCONOK    ON\r\ncmd:'
[ 21.759] -- DECIDE CONOK (param) = SUPPORTED
[ 21.789] -- === [18/209] CONPERM  (kind=param) ===
[ 21.789] TX: 'CONPERM\r'
[ 22.611] RX (0.821s): 'CONPERM\r\nCONPERM  OFF\r\ncmd:'
[ 22.611] -- DECIDE CONPERM (param) = SUPPORTED
[ 22.641] -- === [19/209] CONSTAMP  (kind=param) ===
[ 22.641] TX: 'CONSTAMP\r'
[ 23.463] RX (0.821s): 'CONSTAMP\r\nCONSTAMP OFF\r\ncmd:'
[ 23.463] -- DECIDE CONSTAMP (param) = SUPPORTED
[ 23.494] -- === [20/209] CPACTIME  (kind=param) ===
[ 23.494] TX: 'CPACTIME\r'
[ 24.313] RX (0.819s): 'CPACTIME\r\nCPACTIME OFF\r\ncmd:'
[ 24.313] -- DECIDE CPACTIME (param) = SUPPORTED
[ 24.344] -- === [21/209] DFROM  (kind=param) ===
[ 24.344] TX: 'DFROM\r'
[ 25.165] RX (0.821s): 'DFROM\r\nDFROM    all\r\ncmd:'
[ 25.165] -- DECIDE DFROM (param) = SUPPORTED
[ 25.195] -- === [22/209] DIGIPEAT  (kind=param) ===
[ 25.195] TX: 'DIGIPEAT\r'
[ 26.008] RX (0.813s): 'DIGIPEAT\r\nDIGIPEAT ON\r\ncmd:'
[ 26.008] -- DECIDE DIGIPEAT (param) = SUPPORTED
[ 26.039] -- === [23/209] DWAIT  (kind=param) ===
[ 26.039] TX: 'DWAIT\r'
[ 26.848] RX (0.809s): 'DWAIT\r\nDWAIT    16 (160 msec.)\r\ncmd:'
[ 26.848] -- DECIDE DWAIT (param) = SUPPORTED
[ 26.879] -- === [24/209] FRACK  (kind=param) ===
[ 26.879] TX: 'FRACK\r'
[ 27.686] RX (0.807s): 'FRACK\r\nFRACK    3 (3 sec.)\r\ncmd:'
[ 27.686] -- DECIDE FRACK (param) = SUPPORTED
[ 27.716] -- === [25/209] FULLDUP  (kind=param) ===
[ 27.716] TX: 'FULLDUP\r'
[ 28.536] RX (0.819s): 'FULLDUP\r\nFULLDUP  OFF\r\ncmd:'
[ 28.536] -- DECIDE FULLDUP (param) = SUPPORTED
[ 28.566] -- === [26/209] HBAUD  (kind=param) ===
[ 28.566] TX: 'HBAUD\r'
[ 29.387] RX (0.820s): 'HBAUD\r\nHBAUD    1200\r\ncmd:'
[ 29.387] -- DECIDE HBAUD (param) = SUPPORTED
[ 29.418] -- === [27/209] HEADERLN  (kind=param) ===
[ 29.418] TX: 'HEADERLN\r'
[ 30.238] RX (0.820s): 'HEADERLN\r\nHEADERLN ON\r\ncmd:'
[ 30.238] -- DECIDE HEADERLN (param) = SUPPORTED
[ 30.268] -- === [28/209] HID  (kind=param) ===
[ 30.268] TX: 'HID\r'
[ 31.096] RX (0.827s): 'HID\r\nHID      OFF\r\ncmd:'
[ 31.096] -- DECIDE HID (param) = SUPPORTED
[ 31.127] -- === [29/209] HPOLL  (kind=param) ===
[ 31.127] TX: 'HPOLL\r'
[ 31.949] RX (0.822s): 'HPOLL\r\nHPOLL    ON\r\ncmd:'
[ 31.949] -- DECIDE HPOLL (param) = SUPPORTED
[ 31.980] -- === [30/209] ILFPACK  (kind=param) ===
[ 31.980] TX: 'ILFPACK\r'
[ 32.803] RX (0.822s): 'ILFPACK\r\nILFPACK  ON\r\ncmd:'
[ 32.803] -- DECIDE ILFPACK (param) = SUPPORTED
[ 32.833] -- === [31/209] KISS  (kind=param) ===
[ 32.833] TX: 'KISS\r'
[ 33.648] RX (0.815s): 'KISS\r\nKISS     OFF\r\ncmd:'
[ 33.649] -- DECIDE KISS (param) = SUPPORTED
[ 33.679] -- === [32/209] KISSADDR  (kind=param) ===
[ 33.679] TX: 'KISSADDR\r'
[ 34.488] RX (0.809s): 'KISSADDR\r\n?What?\r\ncmd:'
[ 34.488] -- DECIDE KISSADDR (param) = UNSUPPORTED
[ 34.518] -- === [33/209] MAXFRAME  (kind=param) ===
[ 34.518] TX: 'MAXFRAME\r'
[ 35.335] RX (0.816s): 'MAXFRAME\r\nMAXFRAME 4\r\ncmd:'
[ 35.335] -- DECIDE MAXFRAME (param) = SUPPORTED
[ 35.365] -- === [34/209] MCON  (kind=param) ===
[ 35.365] TX: 'MCON\r'
[ 36.177] RX (0.812s): 'MCON\r\nMCON     0 (none)\r\ncmd:'
[ 36.177] -- DECIDE MCON (param) = SUPPORTED
[ 36.208] -- === [35/209] MFROM  (kind=param) ===
[ 36.208] TX: 'MFROM\r'
[ 37.014] RX (0.805s): 'MFROM\r\nMFROM    all\r\ncmd:'
[ 37.014] -- DECIDE MFROM (param) = SUPPORTED
[ 37.044] -- === [36/209] MONITOR  (kind=param) ===
[ 37.044] TX: 'MONITOR\r'
[ 37.855] RX (0.811s): 'MONITOR\r\nMONITOR  4 (UA DM C D I UI)\r\ncmd:'
[ 37.855] -- DECIDE MONITOR (param) = SUPPORTED
[ 37.886] -- === [37/209] MRPT  (kind=param) ===
[ 37.886] TX: 'MRPT\r'
[ 38.711] RX (0.824s): 'MRPT\r\nMRPT     ON\r\ncmd:'
[ 38.711] -- DECIDE MRPT (param) = SUPPORTED
[ 38.741] -- === [38/209] MTO  (kind=param) ===
[ 38.741] TX: 'MTO\r'
[ 39.553] RX (0.811s): 'MTO\r\nMTO      none\r\ncmd:'
[ 39.553] -- DECIDE MTO (param) = SUPPORTED
[ 39.583] -- === [39/209] MYCALL  (kind=param) ===
[ 39.583] TX: 'MYCALL\r'
[ 40.410] RX (0.827s): 'MYCALL\r\nMYCALL   PK232\r\ncmd:'
[ 40.410] -- DECIDE MYCALL (param) = SUPPORTED
[ 40.440] -- === [40/209] PACLEN  (kind=param) ===
[ 40.440] TX: 'PACLEN\r'
[ 41.251] RX (0.811s): 'PACLEN\r\nPACLEN   128\r\ncmd:'
[ 41.251] -- DECIDE PACLEN (param) = SUPPORTED
[ 41.282] -- === [41/209] PACTIME  (kind=param) ===
[ 41.282] TX: 'PACTIME\r'
[ 42.096] RX (0.814s): 'PACTIME\r\nPACTIME  AFTER 10 (1000 msec.)\r\ncmd:'
[ 42.096] -- DECIDE PACTIME (param) = SUPPORTED
[ 42.127] -- === [42/209] PASSALL  (kind=param) ===
[ 42.127] TX: 'PASSALL\r'
[ 42.939] RX (0.812s): 'PASSALL\r\nPASSALL  OFF\r\ncmd:'
[ 42.939] -- DECIDE PASSALL (param) = SUPPORTED
[ 42.970] -- === [43/209] PERSIST  (kind=param) ===
[ 42.970] TX: 'PERSIST\r'
[ 43.784] RX (0.814s): 'PERSIST\r\nPERSIST  63\r\ncmd:'
[ 43.784] -- DECIDE PERSIST (param) = SUPPORTED
[ 43.815] -- === [44/209] PPERSIST  (kind=param) ===
[ 43.815] TX: 'PPERSIST\r'
[ 44.618] RX (0.803s): 'PPERSIST\r\nPPERSIST ON\r\ncmd:'
[ 44.618] -- DECIDE PPERSIST (param) = SUPPORTED
[ 44.675] -- === [45/209] RAWHDLC  (kind=param) ===
[ 44.675] TX: 'RAWHDLC\r'
[ 45.477] RX (0.802s): 'RAWHDLC\r\nRAWHDLC  OFF\r\ncmd:'
[ 45.477] -- DECIDE RAWHDLC (param) = SUPPORTED
[ 45.508] -- === [46/209] RELINK  (kind=param) ===
[ 45.508] TX: 'RELINK\r'
[ 46.327] RX (0.818s): 'RELINK\r\nRELINK   OFF\r\ncmd:'
[ 46.327] -- DECIDE RELINK (param) = SUPPORTED
[ 46.357] -- === [47/209] RESPTIME  (kind=param) ===
[ 46.357] TX: 'RESPTIME\r'
[ 47.180] RX (0.822s): 'RESPTIME\r\nRESPTIME 5 (500 msec.)\r\ncmd:'
[ 47.180] -- DECIDE RESPTIME (param) = SUPPORTED
[ 47.210] -- === [48/209] RETRY  (kind=param) ===
[ 47.210] TX: 'RETRY\r'
[ 48.029] RX (0.818s): 'RETRY\r\nRETRY    10\r\ncmd:'
[ 48.029] -- DECIDE RETRY (param) = SUPPORTED
[ 48.059] -- === [49/209] RFRAME  (kind=param) ===
[ 48.059] TX: 'RFRAME\r'
[ 48.869] RX (0.810s): 'RFRAME\r\n?What?\r\ncmd:'
[ 48.869] -- DECIDE RFRAME (param) = UNSUPPORTED
[ 48.900] -- === [50/209] SENDPAC  (kind=param) ===
[ 48.900] TX: 'SENDPAC\r'
[ 49.710] RX (0.810s): 'SENDPAC\r\nSENDPAC  $0D (CTRL-M)\r\ncmd:'
[ 49.710] -- DECIDE SENDPAC (param) = SUPPORTED
[ 49.741] -- === [51/209] SLOTTIME  (kind=param) ===
[ 49.741] TX: 'SLOTTIME\r'
[ 50.556] RX (0.815s): 'SLOTTIME\r\nSLOTTIME 10 (100 msec.)\r\ncmd:'
[ 50.556] -- DECIDE SLOTTIME (param) = SUPPORTED
[ 50.587] -- === [52/209] SQUELCH  (kind=param) ===
[ 50.587] TX: 'SQUELCH\r'
[ 51.409] RX (0.822s): 'SQUELCH\r\nSQUELCH  OFF\r\ncmd:'
[ 51.409] -- DECIDE SQUELCH (param) = SUPPORTED
[ 51.439] -- === [53/209] TRIES  (kind=param) ===
[ 51.439] TX: 'TRIES\r'
[ 52.260] RX (0.820s): 'TRIES\r\nTRIES    0\r\ncmd:'
[ 52.260] -- DECIDE TRIES (param) = SUPPORTED
[ 52.290] -- === [54/209] TXFLOW  (kind=param) ===
[ 52.290] TX: 'TXFLOW\r'
[ 53.112] RX (0.822s): 'TXFLOW\r\nTXFLOW   OFF\r\ncmd:'
[ 53.113] -- DECIDE TXFLOW (param) = SUPPORTED
[ 53.143] -- === [55/209] UNPROTO  (kind=param) ===
[ 53.143] TX: 'UNPROTO\r'
[ 53.965] RX (0.821s): 'UNPROTO\r\nUNPROTO  CQ\r\ncmd:'
[ 53.965] -- DECIDE UNPROTO (param) = SUPPORTED
[ 53.996] -- === [56/209] VHF  (kind=param) ===
[ 53.996] TX: 'VHF\r'
[ 54.816] RX (0.820s): 'VHF\r\nVHF      ON\r\ncmd:'
[ 54.816] -- DECIDE VHF (param) = SUPPORTED
[ 54.847] -- === [57/209] WHYNOT  (kind=param) ===
[ 54.847] TX: 'WHYNOT\r'
[ 55.659] RX (0.812s): 'WHYNOT\r\nWHYNOT   OFF\r\ncmd:'
[ 55.660] -- DECIDE WHYNOT (param) = SUPPORTED
[ 55.690] -- MODE ENTER BAUDOT
[ 55.690] TX: 'BAUDOT\r'
[ 55.991] TX: '\x03'
[ 56.803] RX (0.812s): 'BAUDOT\r\nOPMODE   was PACKET   \r\nOPMODE   now BAUDOT   \r\ncmd:cmd:'
[ 56.803] -- === [58/209] 8BITCONV  (kind=param) ===
[ 56.803] TX: '8BITCONV\r'
[ 57.612] RX (0.808s): '8BITCONV\r\n8BITCONV OFF\r\ncmd:'
[ 57.612] -- DECIDE 8BITCONV (param) = SUPPORTED
[ 57.642] -- === [59/209] ABAUD  (kind=param) ===
[ 57.642] TX: 'ABAUD\r'
[ 58.465] RX (0.822s): 'ABAUD\r\nABAUD    110\r\ncmd:'
[ 58.465] -- DECIDE ABAUD (param) = SUPPORTED
[ 58.495] -- === [60/209] ACRRTTY  (kind=param) ===
[ 58.495] TX: 'ACRRTTY\r'
[ 59.319] RX (0.823s): 'ACRRTTY\r\nACRRTTY  71\r\ncmd:'
[ 59.319] -- DECIDE ACRRTTY (param) = SUPPORTED
[ 59.349] -- === [61/209] ALFRTTY  (kind=param) ===
[ 59.349] TX: 'ALFRTTY\r'
[ 60.162] RX (0.812s): 'ALFRTTY\r\nALFRTTY  ON\r\ncmd:'
[ 60.162] -- DECIDE ALFRTTY (param) = SUPPORTED
[ 60.192] -- === [62/209] BITINV  (kind=param) ===
[ 60.192] TX: 'BITINV\r'
[ 61.014] RX (0.821s): 'BITINV\r\nBITINV   $00\r\ncmd:'
[ 61.014] -- DECIDE BITINV (param) = SUPPORTED
[ 61.045] -- === [63/209] CCITT  (kind=param) ===
[ 61.045] TX: 'CCITT\r'
[ 61.867] RX (0.822s): 'CCITT\r\nCCITT    ON\r\ncmd:'
[ 61.867] -- DECIDE CCITT (param) = SUPPORTED
[ 61.898] -- === [64/209] CRADD  (kind=param) ===
[ 61.898] TX: 'CRADD\r'
[ 62.721] RX (0.823s): 'CRADD\r\nCRADD    OFF\r\ncmd:'
[ 62.721] -- DECIDE CRADD (param) = SUPPORTED
[ 62.751] -- === [65/209] DIDDLE  (kind=param) ===
[ 62.751] TX: 'DIDDLE\r'
[ 63.563] RX (0.811s): 'DIDDLE\r\nDIDDLE   OFF\r\ncmd:'
[ 63.563] -- DECIDE DIDDLE (param) = SUPPORTED
[ 63.593] -- === [66/209] PASS  (kind=param) ===
[ 63.593] TX: 'PASS\r'
[ 64.415] RX (0.822s): 'PASS\r\nPASS     $16 (CTRL-V)\r\ncmd:'
[ 64.415] -- DECIDE PASS (param) = SUPPORTED
[ 64.446] -- === [67/209] RBAUD  (kind=param) ===
[ 64.446] TX: 'RBAUD\r'
[ 65.265] RX (0.819s): 'RBAUD\r\nRBAUD    45\r\ncmd:'
[ 65.265] -- DECIDE RBAUD (param) = SUPPORTED
[ 65.296] -- === [68/209] TXDELAY  (kind=param) ===
[ 65.296] TX: 'TXDELAY\r'
[ 66.112] RX (0.816s): 'TXDELAY\r\nTXDELAY  30 (300 msec.)\r\ncmd:'
[ 66.113] -- DECIDE TXDELAY (param) = SUPPORTED
[ 66.143] -- === [69/209] USOS  (kind=param) ===
[ 66.143] TX: 'USOS\r'
[ 66.965] RX (0.822s): 'USOS\r\nUSOS     OFF\r\ncmd:'
[ 66.966] -- DECIDE USOS (param) = SUPPORTED
[ 66.996] -- === [70/209] WIDESHFT  (kind=param) ===
[ 66.996] TX: 'WIDESHFT\r'
[ 67.820] RX (0.824s): 'WIDESHFT\r\nWIDESHFT OFF\r\ncmd:'
[ 67.820] -- DECIDE WIDESHFT (param) = SUPPORTED
[ 67.851] -- === [71/209] WRU  (kind=param) ===
[ 67.851] TX: 'WRU\r'
[ 68.672] RX (0.820s): 'WRU\r\nWRU      OFF\r\ncmd:'
[ 68.672] -- DECIDE WRU (param) = SUPPORTED
[ 68.702] -- === [72/209] XBAUD  (kind=param) ===
[ 68.702] TX: 'XBAUD\r'
[ 69.524] RX (0.822s): 'XBAUD\r\n?What?\r\ncmd:'
[ 69.525] -- DECIDE XBAUD (param) = UNSUPPORTED
[ 69.555] -- MODE ENTER AMTOR
[ 69.555] TX: 'AMTOR\r'
[ 69.855] TX: '\x03'
[ 70.670] RX (0.814s): 'AMTOR\r\n?need MYSELCAL\r\ncmd:cmd:'
[ 70.670] -- === [73/209] AAB  (kind=param) ===
[ 70.670] TX: 'AAB\r'
[ 71.483] RX (0.813s): 'AAB\r\nAAB      \r\n\r\ncmd:'
[ 71.483] -- DECIDE AAB (param) = SUPPORTED
[ 71.513] -- === [74/209] ADELAY  (kind=param) ===
[ 71.513] TX: 'ADELAY\r'
[ 72.323] RX (0.810s): 'ADELAY\r\nADELAY   4 (40 msec.)\r\ncmd:'
[ 72.323] -- DECIDE ADELAY (param) = SUPPORTED
[ 72.354] -- === [75/209] ARQTMO  (kind=param) ===
[ 72.354] TX: 'ARQTMO\r'
[ 73.163] RX (0.809s): 'ARQTMO\r\nARQTMO   90 (90 sec.)\r\ncmd:'
[ 73.163] -- DECIDE ARQTMO (param) = SUPPORTED
[ 73.194] -- === [76/209] ARQTOL  (kind=param) ===
[ 73.194] TX: 'ARQTOL\r'
[ 74.017] RX (0.823s): 'ARQTOL\r\n?What?\r\ncmd:'
[ 74.017] -- DECIDE ARQTOL (param) = UNSUPPORTED
[ 74.047] -- === [77/209] ARXTOR  (kind=param) ===
[ 74.047] TX: 'ARXTOR\r'
[ 74.870] RX (0.822s): 'ARXTOR\r\n?What?\r\ncmd:'
[ 74.870] -- DECIDE ARXTOR (param) = UNSUPPORTED
[ 74.901] -- === [78/209] ATXRTTY  (kind=param) ===
[ 74.901] TX: 'ATXRTTY\r'
[ 75.723] RX (0.822s): 'ATXRTTY\r\n?What?\r\ncmd:'
[ 75.723] -- DECIDE ATXRTTY (param) = UNSUPPORTED
[ 75.754] -- === [79/209] CBELL  (kind=param) ===
[ 75.754] TX: 'CBELL\r'
[ 76.576] RX (0.822s): 'CBELL\r\nCBELL    OFF\r\ncmd:'
[ 76.576] -- DECIDE CBELL (param) = SUPPORTED
[ 76.607] -- === [80/209] DCDCONN  (kind=param) ===
[ 76.607] TX: 'DCDCONN\r'
[ 77.429] RX (0.822s): 'DCDCONN\r\nDCDCONN  OFF\r\ncmd:'
[ 77.429] -- DECIDE DCDCONN (param) = SUPPORTED
[ 77.459] -- === [81/209] EAS  (kind=param) ===
[ 77.460] TX: 'EAS\r'
[ 78.280] RX (0.820s): 'EAS\r\nEAS      OFF\r\ncmd:'
[ 78.280] -- DECIDE EAS (param) = SUPPORTED
[ 78.311] -- === [82/209] MARSDISP  (kind=param) ===
[ 78.311] TX: 'MARSDISP\r'
[ 79.119] RX (0.808s): 'MARSDISP\r\nMARSDISP OFF\r\ncmd:'
[ 79.119] -- DECIDE MARSDISP (param) = SUPPORTED
[ 79.150] -- === [83/209] MYALTCAL  (kind=param) ===
[ 79.150] TX: 'MYALTCAL\r'
[ 79.958] RX (0.808s): 'MYALTCAL\r\nMYALTCAL \r\ncmd:'
[ 79.959] -- DECIDE MYALTCAL (param) = SUPPORTED
[ 79.989] -- === [84/209] MYSELCAL  (kind=param) ===
[ 79.989] TX: 'MYSELCAL\r'
[ 80.806] RX (0.817s): 'MYSELCAL\r\nMYSELCAL \r\ncmd:'
[ 80.806] -- DECIDE MYSELCAL (param) = SUPPORTED
[ 80.837] -- === [85/209] RFEC  (kind=param) ===
[ 80.837] TX: 'RFEC\r'
[ 81.659] RX (0.822s): 'RFEC\r\nRFEC     ON\r\ncmd:'
[ 81.659] -- DECIDE RFEC (param) = SUPPORTED
[ 81.689] -- === [86/209] RXREV  (kind=param) ===
[ 81.689] TX: 'RXREV\r'
[ 82.510] RX (0.821s): 'RXREV\r\nRXREV    OFF\r\ncmd:'
[ 82.511] -- DECIDE RXREV (param) = SUPPORTED
[ 82.541] -- === [87/209] SRXALL  (kind=param) ===
[ 82.541] TX: 'SRXALL\r'
[ 83.363] RX (0.822s): 'SRXALL\r\nSRXALL   OFF\r\ncmd:'
[ 83.364] -- DECIDE SRXALL (param) = SUPPORTED
[ 83.394] -- === [88/209] TXREV  (kind=param) ===
[ 83.394] TX: 'TXREV\r'
[ 84.204] RX (0.810s): 'TXREV\r\nTXREV    OFF\r\ncmd:'
[ 84.204] -- DECIDE TXREV (param) = SUPPORTED
[ 84.235] -- === [89/209] WORDOUT  (kind=param) ===
[ 84.235] TX: 'WORDOUT\r'
[ 85.055] RX (0.820s): 'WORDOUT\r\nWORDOUT  OFF\r\ncmd:'
[ 85.055] -- DECIDE WORDOUT (param) = SUPPORTED
[ 85.086] -- MODE ENTER MORSE
[ 85.086] TX: 'MORSE\r'
[ 85.387] TX: '\x03'
[ 86.602] RX (1.215s): 'MORSE\r\nOPMODE   was BAUDOT   \r\nOPMODE   now MORSE    \r\ncmd:cmd:T'
[ 86.602] -- === [90/209] MSPEED  (kind=param) ===
[ 86.602] TX: 'MSPEED\r'
[ 87.816] RX (1.214s): 'MSPEED\r\nMSPEED   20\r\ncmd: '
[ 87.816] -- DECIDE MSPEED (param) = SUPPORTED
[ 87.847] -- === [91/209] MWEIGHT  (kind=param) ===
[ 87.847] TX: 'MWEIGHT\r'
[ 88.665] RX (0.818s): 'MWEIGHT\r\nMWEIGHT  10\r\ncmd:'
[ 88.666] -- DECIDE MWEIGHT (param) = SUPPORTED
[ 88.696] -- MODE ENTER FAX
[ 88.696] TX: 'FAX\r'
[ 88.997] TX: '\x03'
[ 89.818] RX (0.821s): 'FAX\r\nOPMODE   was MORSE    \r\nOPMODE   now FAX      \r\ncmd:cmd:'
[ 89.818] -- === [92/209] ASPECT  (kind=param) ===
[ 89.818] TX: 'ASPECT\r'
[ 90.640] RX (0.821s): 'ASPECT\r\nASPECT   2 (576)\r\ncmd:'
[ 90.640] -- DECIDE ASPECT (param) = SUPPORTED
[ 90.670] -- === [93/209] AUDELAY  (kind=param) ===
[ 90.670] TX: 'AUDELAY\r'
[ 91.493] RX (0.823s): 'AUDELAY\r\nAUDELAY  0 (00 msec.)\r\ncmd:'
[ 91.494] -- DECIDE AUDELAY (param) = SUPPORTED
[ 91.524] -- === [94/209] CWID  (kind=param) ===
[ 91.524] TX: 'CWID\r'
[ 92.348] RX (0.824s): 'CWID\r\nCWID     $06 (CTRL-F)\r\ncmd:'
[ 92.348] -- DECIDE CWID (param) = SUPPORTED
[ 92.379] -- === [95/209] FAXNEG  (kind=param) ===
[ 92.379] TX: 'FAXNEG\r'
[ 93.199] RX (0.819s): 'FAXNEG\r\nFAXNEG   OFF\r\ncmd:'
[ 93.199] -- DECIDE FAXNEG (param) = SUPPORTED
[ 93.229] -- === [96/209] FSPEED  (kind=param) ===
[ 93.229] TX: 'FSPEED\r'
[ 94.040] RX (0.810s): 'FSPEED\r\nFSPEED   2 (120)\r\ncmd:'
[ 94.040] -- DECIDE FSPEED (param) = SUPPORTED
[ 94.071] -- === [97/209] GRAPHICS  (kind=param) ===
[ 94.071] TX: 'GRAPHICS\r'
[ 94.882] RX (0.811s): 'GRAPHICS\r\nGRAPHICS 1 (960 dots)\r\ncmd:'
[ 94.882] -- DECIDE GRAPHICS (param) = SUPPORTED
[ 94.912] -- === [98/209] LEFTRITE  (kind=param) ===
[ 94.912] TX: 'LEFTRITE\r'
[ 95.728] RX (0.816s): 'LEFTRITE\r\nLEFTRITE ON\r\ncmd:'
[ 95.729] -- DECIDE LEFTRITE (param) = SUPPORTED
[ 95.759] -- === [99/209] PRFAX  (kind=param) ===
[ 95.759] TX: 'PRFAX\r'
[ 96.580] RX (0.821s): 'PRFAX\r\nPRFAX    ON\r\ncmd:'
[ 96.580] -- DECIDE PRFAX (param) = SUPPORTED
[ 96.610] -- === [100/209] PRTYPE  (kind=param) ===
[ 96.610] TX: 'PRTYPE\r'
[ 97.431] RX (0.821s): 'PRTYPE\r\nPRTYPE   2\r\ncmd:'
[ 97.432] -- DECIDE PRTYPE (param) = SUPPORTED
[ 97.463] -- === [101/209] TRACE  (kind=param) ===
[ 97.463] TX: 'TRACE\r'
[ 98.284] RX (0.821s): 'TRACE\r\nTRACE    OFF\r\ncmd:'
[ 98.284] -- DECIDE TRACE (param) = SUPPORTED
[ 98.315] -- MODE ENTER NAVTEX
[ 98.315] TX: 'NAVTEX\r'
[ 98.616] TX: '\x03'
[ 99.435] RX (0.819s): 'NAVTEX\r\nOPMODE   was FAX      \r\nOPMODE   now NAVTEX   \r\ncmd:cmd:'
[ 99.436] -- === [102/209] ERRCHAR  (kind=param) ===
[ 99.436] TX: 'ERRCHAR\r'
[100.256] RX (0.820s): 'ERRCHAR\r\n?What?\r\ncmd:'
[100.256] -- DECIDE ERRCHAR (param) = UNSUPPORTED
[100.286] -- === [103/209] NAVMSG  (kind=param) ===
[100.287] TX: 'NAVMSG\r'
[101.102] RX (0.815s): 'NAVMSG\r\nNAVMSG   all\r\ncmd:'
[101.102] -- DECIDE NAVMSG (param) = SUPPORTED
[101.133] -- === [104/209] NAVSTN  (kind=param) ===
[101.133] TX: 'NAVSTN\r'
[101.948] RX (0.815s): 'NAVSTN\r\nNAVSTN   all\r\ncmd:'
[101.948] -- DECIDE NAVSTN (param) = SUPPORTED
[101.979] -- MODE ENTER SIGNAL
[101.979] TX: 'SIGNAL\r'
[102.279] TX: '\x03'
[103.099] RX (0.819s): 'SIGNAL\r\nOPMODE   was NAVTEX   \r\nOPMODE   now SIGNAL   \r\ncmd:cmd:'
[103.099] -- === [105/209] ALTMODEM  (kind=param) ===
[103.099] TX: 'ALTMODEM\r'
[103.920] RX (0.821s): 'ALTMODEM\r\n?What?\r\ncmd:'
[103.920] -- DECIDE ALTMODEM (param) = UNSUPPORTED
[103.951] -- === [106/209] CODE  (kind=param) ===
[103.951] TX: 'CODE\r'
[104.774] RX (0.823s): 'CODE\r\nCODE     0 (International)\r\ncmd:'
[104.774] -- DECIDE CODE (param) = SUPPORTED
[104.804] -- === [107/209] CUSTOM  (kind=param) ===
[104.804] TX: 'CUSTOM\r'
[105.625] RX (0.821s): 'CUSTOM\r\nCUSTOM   $0015\r\ncmd:'
[105.625] -- DECIDE CUSTOM (param) = SUPPORTED
[105.656] -- === [108/209] TDBAUD  (kind=param) ===
[105.656] TX: 'TDBAUD\r'
[106.476] RX (0.820s): 'TDBAUD\r\n?What?\r\ncmd:'
[106.476] -- DECIDE TDBAUD (param) = UNSUPPORTED
[106.507] -- === [109/209] TDCHAN  (kind=param) ===
[106.507] TX: 'TDCHAN\r'
[107.330] RX (0.823s): 'TDCHAN\r\n?What?\r\ncmd:'
[107.331] -- DECIDE TDCHAN (param) = UNSUPPORTED
[107.361] -- MODE ENTER PACKET
[107.361] TX: 'PACKET\r'
[107.662] TX: '\x03'
[108.478] RX (0.816s): 'PACKET\r\nOPMODE   was SIGNAL   \r\nOPMODE   now PACKET   \r\ncmd:cmd:'
[108.479] -- === [110/209] ACRDISP  (kind=param) ===
[108.479] TX: 'ACRDISP\r'
[109.290] RX (0.811s): 'ACRDISP\r\nACRDISP  80\r\ncmd:'
[109.290] -- DECIDE ACRDISP (param) = SUPPORTED
[109.321] -- === [111/209] ADDRESS  (kind=param) ===
[109.321] TX: 'ADDRESS\r'
[110.128] RX (0.807s): 'ADDRESS\r\nADDRESS  $0000\r\ncmd:'
[110.129] -- DECIDE ADDRESS (param) = SUPPORTED
[110.159] -- === [112/209] AFILTER  (kind=param) ===
[110.159] TX: 'AFILTER\r'
[110.981] RX (0.822s): 'AFILTER\r\nAFILTER  OFF\r\ncmd:'
[110.981] -- DECIDE AFILTER (param) = SUPPORTED
[111.012] -- === [113/209] ALFDISP  (kind=param) ===
[111.012] TX: 'ALFDISP\r'
[111.836] RX (0.824s): 'ALFDISP\r\nALFDISP  ON\r\ncmd:'
[111.836] -- DECIDE ALFDISP (param) = SUPPORTED
[111.867] -- === [114/209] AUTOBAUD  (kind=param) ===
[111.867] TX: 'AUTOBAUD\r'
[112.687] RX (0.821s): 'AUTOBAUD\r\n?What?\r\ncmd:'
[112.688] -- DECIDE AUTOBAUD (param) = UNSUPPORTED
[112.718] -- === [115/209] AWLEN  (kind=param) ===
[112.718] TX: 'AWLEN\r'
[113.539] RX (0.821s): 'AWLEN\r\nAWLEN    8\r\ncmd:'
[113.540] -- DECIDE AWLEN (param) = SUPPORTED
[113.570] -- === [116/209] BKONDEL  (kind=param) ===
[113.570] TX: 'BKONDEL\r'
[114.392] RX (0.822s): 'BKONDEL\r\nBKONDEL  ON\r\ncmd:'
[114.392] -- DECIDE BKONDEL (param) = SUPPORTED
[114.423] -- === [117/209] CANLINE  (kind=param) ===
[114.423] TX: 'CANLINE\r'
[115.245] RX (0.822s): 'CANLINE\r\nCANLINE  $18 (CTRL-X)\r\ncmd:'
[115.245] -- DECIDE CANLINE (param) = SUPPORTED
[115.276] -- === [118/209] CMDTIME  (kind=param) ===
[115.276] TX: 'CMDTIME\r'
[116.087] RX (0.812s): 'CMDTIME\r\nCMDTIME  10 (1000 msec.)\r\ncmd:'
[116.088] -- DECIDE CMDTIME (param) = SUPPORTED
[116.118] -- === [119/209] COMMAND  (kind=param) ===
[116.118] TX: 'COMMAND\r'
[116.929] RX (0.811s): 'COMMAND\r\nCOMMAND  $03 (CTRL-C)\r\ncmd:'
[116.929] -- DECIDE COMMAND (param) = SUPPORTED
[116.960] -- === [120/209] DAYSTAMP  (kind=param) ===
[116.960] TX: 'DAYSTAMP\r'
[117.768] RX (0.807s): 'DAYSTAMP\r\nDAYSTAMP OFF\r\ncmd:'
[117.768] -- DECIDE DAYSTAMP (param) = SUPPORTED
[117.798] -- === [121/209] DAYTIME  (kind=param) ===
[117.798] TX: 'DAYTIME\r'
[118.621] RX (0.823s): 'DAYTIME\r\n?clock not set\r\ncmd:'
[118.621] -- DECIDE DAYTIME (param) = SUPPORTED
[118.652] -- === [122/209] ECHO  (kind=param) ===
[118.652] TX: 'ECHO\r'
[119.473] RX (0.821s): 'ECHO\r\nECHO     ON\r\ncmd:'
[119.473] -- DECIDE ECHO (param) = SUPPORTED
[119.504] -- === [123/209] ESCAPE  (kind=param) ===
[119.504] TX: 'ESCAPE\r'
[120.328] RX (0.824s): 'ESCAPE\r\nESCAPE   OFF\r\ncmd:'
[120.328] -- DECIDE ESCAPE (param) = SUPPORTED
[120.359] -- === [124/209] EXPERT  (kind=param) ===
[120.359] TX: 'EXPERT\r'
[121.180] RX (0.821s): 'EXPERT\r\n?What?\r\ncmd:'
[121.180] -- DECIDE EXPERT (param) = UNSUPPORTED
[121.210] -- === [125/209] FLOW  (kind=param) ===
[121.210] TX: 'FLOW\r'
[122.034] RX (0.823s): 'FLOW\r\nFLOW     ON\r\ncmd:'
[122.034] -- DECIDE FLOW (param) = SUPPORTED
[122.064] -- === [126/209] FRICK  (kind=param) ===
[122.064] TX: 'FRICK\r'
[122.885] RX (0.821s): 'FRICK\r\n?What?\r\ncmd:'
[122.885] -- DECIDE FRICK (param) = UNSUPPORTED
[122.916] -- === [127/209] HOST  (kind=param) ===
[122.916] TX: 'HOST\r'
[123.724] RX (0.808s): 'HOST\r\nHOST     OFF\r\ncmd:'
[123.724] -- DECIDE HOST (param) = SUPPORTED
[123.754] -- === [128/209] HOSTKEY  (kind=param) ===
[123.754] TX: 'HOSTKEY\r'
[124.566] RX (0.812s): 'HOSTKEY\r\n?What?\r\ncmd:'
[124.566] -- DECIDE HOSTKEY (param) = UNSUPPORTED
[124.597] -- === [129/209] IO  (kind=param) ===
[124.597] TX: 'IO\r'
[125.413] RX (0.816s): 'IO\r\nIO       $60\r\ncmd:'
[125.414] -- DECIDE IO (param) = SUPPORTED
[125.445] -- === [130/209] LITE  (kind=param) ===
[125.445] TX: 'LITE\r'
[126.267] RX (0.822s): 'LITE\r\n?What?\r\ncmd:'
[126.267] -- DECIDE LITE (param) = UNSUPPORTED
[126.297] -- === [131/209] MOPTT  (kind=param) ===
[126.297] TX: 'MOPTT\r'
[127.118] RX (0.821s): 'MOPTT\r\n?What?\r\ncmd:'
[127.119] -- DECIDE MOPTT (param) = UNSUPPORTED
[127.149] -- === [132/209] NUCR  (kind=param) ===
[127.149] TX: 'NUCR\r'
[127.972] RX (0.823s): 'NUCR\r\nNUCR     OFF\r\ncmd:'
[127.972] -- DECIDE NUCR (param) = SUPPORTED
[128.003] -- === [133/209] NULF  (kind=param) ===
[128.003] TX: 'NULF\r'
[128.824] RX (0.821s): 'NULF\r\nNULF     OFF\r\ncmd:'
[128.825] -- DECIDE NULF (param) = SUPPORTED
[128.855] -- === [134/209] NULLS  (kind=param) ===
[128.855] TX: 'NULLS\r'
[129.677] RX (0.822s): 'NULLS\r\nNULLS    0\r\ncmd:'
[129.677] -- DECIDE NULLS (param) = SUPPORTED
[129.707] -- === [135/209] PARITY  (kind=param) ===
[129.707] TX: 'PARITY\r'
[130.524] RX (0.817s): 'PARITY\r\nPARITY   0 (none)\r\ncmd:'
[130.524] -- DECIDE PARITY (param) = SUPPORTED
[130.555] -- === [136/209] PRCON  (kind=param) ===
[130.555] TX: 'PRCON\r'
[131.367] RX (0.812s): 'PRCON\r\nPRCON    OFF\r\ncmd:'
[131.367] -- DECIDE PRCON (param) = SUPPORTED
[131.397] -- === [137/209] PROUT  (kind=param) ===
[131.397] TX: 'PROUT\r'
[132.209] RX (0.811s): 'PROUT\r\nPROUT    OFF\r\ncmd:'
[132.209] -- DECIDE PROUT (param) = SUPPORTED
[132.239] -- === [138/209] REDISPLAY  (kind=param) ===
[132.239] TX: 'REDISPLAY\r'
[133.057] RX (0.818s): 'REDISPLAY\r\nREDISPLA $12 (CTRL-R)\r\ncmd:'
[133.057] -- DECIDE REDISPLAY (param) = SUPPORTED
[133.088] -- === [139/209] START  (kind=param) ===
[133.088] TX: 'START\r'
[133.909] RX (0.821s): 'START\r\nSTART    $11 (CTRL-Q)\r\ncmd:'
[133.909] -- DECIDE START (param) = SUPPORTED
[133.939] -- === [140/209] STOP  (kind=param) ===
[133.939] TX: 'STOP\r'
[134.761] RX (0.822s): 'STOP\r\nSTOP     $13 (CTRL-S)\r\ncmd:'
[134.761] -- DECIDE STOP (param) = SUPPORTED
[134.792] -- === [141/209] TBAUD  (kind=param) ===
[134.792] TX: 'TBAUD\r'
[135.615] RX (0.823s): 'TBAUD\r\nTBAUD    9600\r\ncmd:'
[135.615] -- DECIDE TBAUD (param) = SUPPORTED
[135.646] -- === [142/209] TIME  (kind=param) ===
[135.646] TX: 'TIME\r'
[136.466] RX (0.820s): 'TIME\r\nTIME     $14 (CTRL-T)\r\ncmd:'
[136.466] -- DECIDE TIME (param) = SUPPORTED
[136.497] -- === [143/209] TRFLOW  (kind=param) ===
[136.497] TX: 'TRFLOW\r'
[137.319] RX (0.822s): 'TRFLOW\r\nTRFLOW   OFF\r\ncmd:'
[137.319] -- DECIDE TRFLOW (param) = SUPPORTED
[137.350] -- === [144/209] XFLOW  (kind=param) ===
[137.350] TX: 'XFLOW\r'
[138.165] RX (0.814s): 'XFLOW\r\nXFLOW    ON\r\ncmd:'
[138.165] -- DECIDE XFLOW (param) = SUPPORTED
[138.196] -- === [145/209] XMITOK  (kind=param) ===
[138.196] TX: 'XMITOK\r'
[139.008] RX (0.813s): 'XMITOK\r\nXMITOK   ON\r\ncmd:'
[139.008] -- DECIDE XMITOK (param) = SUPPORTED
[139.039] -- === [146/209] XOFF  (kind=param) ===
[139.039] TX: 'XOFF\r'
[139.849] RX (0.810s): 'XOFF\r\nXOFF     $13 (CTRL-S)\r\ncmd:'
[139.849] -- DECIDE XOFF (param) = SUPPORTED
[139.879] -- === [147/209] XON  (kind=param) ===
[139.879] TX: 'XON\r'
[140.695] RX (0.815s): 'XON\r\nXON      $11 (CTRL-Q)\r\ncmd:'
[140.695] -- DECIDE XON (param) = SUPPORTED
[140.725] -- === [148/209] 3RDPARTY  (kind=param) ===
[140.725] TX: '3RDPARTY\r'
[141.547] RX (0.821s): '3RDPARTY\r\n?What?\r\ncmd:'
[141.547] -- DECIDE 3RDPARTY (param) = UNSUPPORTED
[141.578] -- === [149/209] BBSMSGS  (kind=param) ===
[141.578] TX: 'BBSMSGS\r'
[142.400] RX (0.822s): 'BBSMSGS\r\nBBSMSGS  OFF\r\ncmd:'
[142.400] -- DECIDE BBSMSGS (param) = SUPPORTED
[142.431] -- === [150/209] CMSG  (kind=param) ===
[142.431] TX: 'CMSG\r'
[143.253] RX (0.822s): 'CMSG\r\nCMSG     OFF\r\ncmd:'
[143.253] -- DECIDE CMSG (param) = SUPPORTED
[143.283] -- === [151/209] CTEXT  (kind=param) ===
[143.283] TX: 'CTEXT\r'
[144.098] RX (0.814s): 'CTEXT\r\nCTEXT    AEA PK-232 Auto Answer --\r\nPlease leave message, then disconnect.\r\n\r\ncmd:'
[144.098] -- DECIDE CTEXT (param) = SUPPORTED
[144.128] -- === [152/209] DELETE  (kind=param) ===
[144.128] TX: 'DELETE\r'
[144.950] RX (0.822s): 'DELETE\r\nDELETE   OFF\r\ncmd:'
[144.951] -- DECIDE DELETE (param) = SUPPORTED
[144.981] -- === [153/209] HEREIS  (kind=param) ===
[144.981] TX: 'HEREIS\r'
[145.795] RX (0.814s): 'HEREIS\r\n?What?\r\ncmd:'
[145.795] -- DECIDE HEREIS (param) = UNSUPPORTED
[145.826] -- === [154/209] HOMEBBS  (kind=param) ===
[145.826] TX: 'HOMEBBS\r'
[146.642] RX (0.816s): 'HOMEBBS\r\n?What?\r\ncmd:'
[146.642] -- DECIDE HOMEBBS (param) = UNSUPPORTED
[146.673] -- === [155/209] KILONFWD  (kind=param) ===
[146.673] TX: 'KILONFWD\r'
[147.477] RX (0.804s): 'KILONFWD\r\n?What?\r\ncmd:'
[147.477] -- DECIDE KILONFWD (param) = UNSUPPORTED
[147.507] -- === [156/209] MAILDROP  (kind=param) ===
[147.507] TX: 'MAILDROP\r'
[148.327] RX (0.820s): 'MAILDROP\r\n?What?\r\ncmd:'
[148.328] -- DECIDE MAILDROP (param) = UNSUPPORTED
[148.358] -- === [157/209] MBELL  (kind=param) ===
[148.358] TX: 'MBELL\r'
[149.181] RX (0.822s): 'MBELL\r\nMBELL    OFF\r\ncmd:'
[149.181] -- DECIDE MBELL (param) = SUPPORTED
[149.211] -- === [158/209] MBX  (kind=param) ===
[149.212] TX: 'MBX\r'
[150.034] RX (0.822s): 'MBX\r\nMBX      none\r\ncmd:'
[150.035] -- DECIDE MBX (param) = SUPPORTED
[150.065] -- === [159/209] MDIGI  (kind=param) ===
[150.065] TX: 'MDIGI\r'
[150.880] RX (0.815s): 'MDIGI\r\nMDIGI    OFF\r\ncmd:'
[150.880] -- DECIDE MDIGI (param) = SUPPORTED
[150.911] -- === [160/209] MDMON  (kind=param) ===
[150.911] TX: 'MDMON\r'
[151.735] RX (0.824s): 'MDMON\r\n?What?\r\ncmd:'
[151.735] -- DECIDE MDMON (param) = UNSUPPORTED
[151.765] -- === [161/209] MDPROMPT  (kind=param) ===
[151.766] TX: 'MDPROMPT\r'
[152.587] RX (0.821s): 'MDPROMPT\r\n?What?\r\ncmd:'
[152.587] -- DECIDE MDPROMPT (param) = UNSUPPORTED
[152.618] -- === [162/209] MID  (kind=param) ===
[152.618] TX: 'MID\r'
[153.434] RX (0.816s): 'MID\r\nMID      0 (00 sec.)\r\ncmd:'
[153.435] -- DECIDE MID (param) = SUPPORTED
[153.465] -- === [163/209] MMSG  (kind=param) ===
[153.465] TX: 'MMSG\r'
[154.278] RX (0.812s): 'MMSG\r\n?What?\r\ncmd:'
[154.278] -- DECIDE MMSG (param) = UNSUPPORTED
[154.308] -- === [164/209] MPROTO  (kind=param) ===
[154.308] TX: 'MPROTO\r'
[155.121] RX (0.813s): 'MPROTO\r\nMPROTO   OFF\r\ncmd:'
[155.121] -- DECIDE MPROTO (param) = SUPPORTED
[155.152] -- === [165/209] MSTAMP  (kind=param) ===
[155.152] TX: 'MSTAMP\r'
[155.974] RX (0.822s): 'MSTAMP\r\nMSTAMP   OFF\r\ncmd:'
[155.974] -- DECIDE MSTAMP (param) = SUPPORTED
[156.005] -- === [166/209] MTEXT  (kind=param) ===
[156.005] TX: 'MTEXT\r'
[156.827] RX (0.822s): 'MTEXT\r\n?What?\r\ncmd:'
[156.827] -- DECIDE MTEXT (param) = UNSUPPORTED
[156.857] -- === [167/209] MXMIT  (kind=param) ===
[156.857] TX: 'MXMIT\r'
[157.678] RX (0.821s): 'MXMIT\r\n?What?\r\ncmd:'
[157.678] -- DECIDE MXMIT (param) = UNSUPPORTED
[157.709] -- === [168/209] MYALIAS  (kind=param) ===
[157.709] TX: 'MYALIAS\r'
[158.532] RX (0.823s): 'MYALIAS\r\nMYALIAS  none\r\ncmd:'
[158.532] -- DECIDE MYALIAS (param) = SUPPORTED
[158.562] -- === [169/209] MYGATE  (kind=param) ===
[158.562] TX: 'MYGATE\r'
[159.385] RX (0.823s): 'MYGATE\r\n?What?\r\ncmd:'
[159.385] -- DECIDE MYGATE (param) = UNSUPPORTED
[159.416] -- === [170/209] MYIDENT  (kind=param) ===
[159.416] TX: 'MYIDENT\r'
[160.237] RX (0.821s): 'MYIDENT\r\n?What?\r\ncmd:'
[160.237] -- DECIDE MYIDENT (param) = UNSUPPORTED
[160.267] -- === [171/209] MYMAIL  (kind=param) ===
[160.267] TX: 'MYMAIL\r'
[161.079] RX (0.811s): 'MYMAIL\r\n?What?\r\ncmd:'
[161.079] -- DECIDE MYMAIL (param) = UNSUPPORTED
[161.110] -- === [172/209] NOMODE  (kind=param) ===
[161.110] TX: 'NOMODE\r'
[161.923] RX (0.813s): 'NOMODE\r\nNOMODE   OFF\r\ncmd:'
[161.923] -- DECIDE NOMODE (param) = SUPPORTED
[161.954] -- === [173/209] TMAIL  (kind=param) ===
[161.954] TX: 'TMAIL\r'
[162.768] RX (0.814s): 'TMAIL\r\n?What?\r\ncmd:'
[162.768] -- DECIDE TMAIL (param) = UNSUPPORTED
[162.798] -- === [174/209] TMPROMPT  (kind=param) ===
[162.798] TX: 'TMPROMPT\r'
[163.621] RX (0.822s): 'TMPROMPT\r\n?What?\r\ncmd:'
[163.621] -- DECIDE TMPROMPT (param) = UNSUPPORTED
[163.651] -- === [175/209] UBIT  (kind=param) ===
[163.651] TX: 'UBIT\r'
[164.473] RX (0.821s): 'UBIT\r\n?What?\r\ncmd:'
[164.473] -- DECIDE UBIT (param) = UNSUPPORTED
[164.503] -- === [176/209] USERS  (kind=param) ===
[164.503] TX: 'USERS\r'
[165.323] RX (0.820s): 'USERS\r\nUSERS    1\r\ncmd:'
[165.324] -- DECIDE USERS (param) = SUPPORTED
[165.354] -- === [177/209] MFILTER  (kind=param) ===
[165.354] TX: 'MFILTER\r'
[166.177] RX (0.823s): 'MFILTER\r\nMFILTER  $80\r\ncmd:'
[166.177] -- DECIDE MFILTER (param) = SUPPORTED
[166.207] -- === [178/209] MYPTCALL  (kind=param) ===
[166.207] TX: 'MYPTCALL\r'
[167.029] RX (0.821s): 'MYPTCALL\r\n?What?\r\ncmd:'
[167.029] -- DECIDE MYPTCALL (param) = UNSUPPORTED
[167.059] -- === [179/209] NEWMODE  (kind=param) ===
[167.059] TX: 'NEWMODE\r'
[167.874] RX (0.815s): 'NEWMODE\r\nNEWMODE  ON\r\ncmd:'
[167.874] -- DECIDE NEWMODE (param) = SUPPORTED
[167.905] -- === [180/209] PT200  (kind=param) ===
[167.905] TX: 'PT200\r'
[168.718] RX (0.813s): 'PT200\r\n?What?\r\ncmd:'
[168.718] -- DECIDE PT200 (param) = UNSUPPORTED
[168.749] -- === [181/209] PTDOWN  (kind=param) ===
[168.749] TX: 'PTDOWN\r'
[169.558] RX (0.809s): 'PTDOWN\r\n?What?\r\ncmd:'
[169.558] -- DECIDE PTDOWN (param) = UNSUPPORTED
[169.589] -- === [182/209] PTHUFF  (kind=param) ===
[169.589] TX: 'PTHUFF\r'
[170.404] RX (0.814s): 'PTHUFF\r\n?What?\r\ncmd:'
[170.404] -- DECIDE PTHUFF (param) = UNSUPPORTED
[170.434] -- === [183/209] PTOVER  (kind=param) ===
[170.434] TX: 'PTOVER\r'
[171.256] RX (0.821s): 'PTOVER\r\n?What?\r\ncmd:'
[171.256] -- DECIDE PTOVER (param) = UNSUPPORTED
[171.287] -- === [184/209] PTROUND  (kind=param) ===
[171.287] TX: 'PTROUND\r'
[172.109] RX (0.822s): 'PTROUND\r\n?What?\r\ncmd:'
[172.109] -- DECIDE PTROUND (param) = UNSUPPORTED
[172.140] -- === [185/209] PTUP  (kind=param) ===
[172.140] TX: 'PTUP\r'
[172.961] RX (0.821s): 'PTUP\r\n?What?\r\ncmd:'
[172.961] -- DECIDE PTUP (param) = UNSUPPORTED
[172.991] -- === [186/209] UCMD  (kind=param) ===
[172.991] TX: 'UCMD\r'
[173.813] RX (0.822s): 'UCMD\r\n?What?\r\ncmd:'
[173.813] -- DECIDE UCMD (param) = UNSUPPORTED
[173.844] -- === [187/209] GUSERS  (kind=param) ===
[173.844] TX: 'GUSERS\r'
[174.667] RX (0.823s): 'GUSERS\r\n?What?\r\ncmd:'
[174.667] -- DECIDE GUSERS (param) = UNSUPPORTED
[174.698] -- === [188/209] RECEIVE  (kind=param) ===
[174.698] TX: 'RECEIVE\r'
[175.514] RX (0.816s): 'RECEIVE\r\nRECEIVE  $04 (CTRL-D)\r\ncmd:'
[175.514] -- DECIDE RECEIVE (param) = SUPPORTED
[175.545] -- === [189/209] BARGRAPH  (kind=param) ===
[175.545] TX: 'BARGRAPH\r'
[176.356] RX (0.811s): 'BARGRAPH\r\n?What?\r\ncmd:'
[176.356] -- DECIDE BARGRAPH (param) = UNSUPPORTED
[176.386] -- === [190/209] BRIGHT  (kind=param) ===
[176.386] TX: 'BRIGHT\r'
[177.196] RX (0.809s): 'BRIGHT\r\n?What?\r\ncmd:'
[177.196] -- DECIDE BRIGHT (param) = UNSUPPORTED
[177.227] -- === [191/209] MARK  (kind=param) ===
[177.227] TX: 'MARK\r'
[178.043] RX (0.816s): 'MARK\r\n?What?\r\ncmd:'
[178.043] -- DECIDE MARK (param) = UNSUPPORTED
[178.073] -- === [192/209] MODEM  (kind=param) ===
[178.073] TX: 'MODEM\r'
[178.896] RX (0.823s): 'MODEM\r\n?What?\r\ncmd:'
[178.896] -- DECIDE MODEM (param) = UNSUPPORTED
[178.927] -- === [193/209] PK  (kind=param) ===
[178.927] TX: 'PK\r'
[179.747] RX (0.820s): 'PK\r\n?What?\r\ncmd:'
[179.747] -- DECIDE PK (param) = UNSUPPORTED
[179.778] -- === [194/209] PTSUM  (kind=param) ===
[179.778] TX: 'PTSUM\r'
[180.600] RX (0.822s): 'PTSUM\r\n?What?\r\ncmd:'
[180.600] -- DECIDE PTSUM (param) = UNSUPPORTED
[180.630] -- === [195/209] PTTRIES  (kind=param) ===
[180.631] TX: 'PTTRIES\r'
[181.453] RX (0.822s): 'PTTRIES\r\n?What?\r\ncmd:'
[181.453] -- DECIDE PTTRIES (param) = UNSUPPORTED
[181.484] -- === [196/209] QHPACKET  (kind=param) ===
[181.484] TX: 'QHPACKET\r'
[182.307] RX (0.823s): 'QHPACKET\r\n?What?\r\ncmd:'
[182.307] -- DECIDE QHPACKET (param) = UNSUPPORTED
[182.337] -- === [197/209] QMORSE  (kind=param) ===
[182.337] TX: 'QMORSE\r'
[183.152] RX (0.815s): 'QMORSE\r\n?What?\r\ncmd:'
[183.153] -- DECIDE QMORSE (param) = UNSUPPORTED
[183.183] -- === [198/209] QPTOR  (kind=param) ===
[183.183] TX: 'QPTOR\r'
[183.997] RX (0.813s): 'QPTOR\r\n?What?\r\ncmd:'
[183.997] -- DECIDE QPTOR (param) = UNSUPPORTED
[184.027] -- === [199/209] QRTTY  (kind=param) ===
[184.027] TX: 'QRTTY\r'
[184.834] RX (0.807s): 'QRTTY\r\n?What?\r\ncmd:'
[184.835] -- DECIDE QRTTY (param) = UNSUPPORTED
[184.865] -- === [200/209] QTDM  (kind=param) ===
[184.865] TX: 'QTDM\r'
[185.689] RX (0.824s): 'QTDM\r\n?What?\r\ncmd:'
[185.689] -- DECIDE QTDM (param) = UNSUPPORTED
[185.719] -- === [201/209] QTOR  (kind=param) ===
[185.719] TX: 'QTOR\r'
[186.541] RX (0.821s): 'QTOR\r\n?What?\r\ncmd:'
[186.541] -- DECIDE QTOR (param) = UNSUPPORTED
[186.571] -- === [202/209] QVPACKET  (kind=param) ===
[186.571] TX: 'QVPACKET\r'
[187.392] RX (0.821s): 'QVPACKET\r\n?What?\r\ncmd:'
[187.392] -- DECIDE QVPACKET (param) = UNSUPPORTED
[187.423] -- === [203/209] QWIDE  (kind=param) ===
[187.423] TX: 'QWIDE\r'
[188.244] RX (0.821s): 'QWIDE\r\n?What?\r\ncmd:'
[188.245] -- DECIDE QWIDE (param) = UNSUPPORTED
[188.275] -- === [204/209] RADIO  (kind=param) ===
[188.275] TX: 'RADIO\r'
[189.095] RX (0.820s): 'RADIO\r\n?What?\r\ncmd:'
[189.095] -- DECIDE RADIO (param) = UNSUPPORTED
[189.126] -- === [205/209] SPACE  (kind=param) ===
[189.126] TX: 'SPACE\r'
[189.949] RX (0.823s): 'SPACE\r\n?What?\r\ncmd:'
[189.949] -- DECIDE SPACE (param) = UNSUPPORTED
[189.979] -- === [206/209] THRESHOLD  (kind=param) ===
[189.980] TX: 'THRESHOLD\r'
[190.788] RX (0.808s): 'THRESHOLD\r\n?What?\r\ncmd:'
[190.788] -- DECIDE THRESHOLD (param) = UNSUPPORTED
[190.818] -- === [207/209] TXSMT  (kind=param) ===
[190.818] TX: 'TXSMT\r'
[191.630] RX (0.812s): 'TXSMT\r\n?What?\r\ncmd:'
[191.631] -- DECIDE TXSMT (param) = UNSUPPORTED
[191.661] -- === [208/209] XGATEWAY  (kind=param) ===
[191.661] TX: 'XGATEWAY\r'
[192.469] RX (0.807s): 'XGATEWAY\r\n?What?\r\ncmd:'
[192.469] -- DECIDE XGATEWAY (param) = UNSUPPORTED
[192.499] -- === [209/209] XLENGTH  (kind=param) ===
[192.499] TX: 'XLENGTH\r'
[193.321] RX (0.822s): 'XLENGTH\r\n?What?\r\ncmd:'
[193.321] -- DECIDE XLENGTH (param) = UNSUPPORTED
[193.352] -- MODE ENTER PACKET
[193.352] TX: 'PACKET\r'
[193.652] TX: '\x03'
[194.473] RX (0.821s): 'PACKET\r\nOPMODE   was PACKET   \r\nOPMODE   now PACKET   \r\ncmd:cmd:'

# end of log -- 2026-10-06T19:10:33
