# PK-232 scan debug log -- 2026-10-07T14:24:11
# [t+sec] TAG: data   (TX=gesendet | RX=empfangen mit Wartezeit | --=Notiz)

[  5.206] -- wake step 1: '*' without CR
[  5.206] TX: '*'
[  6.029] RX (0.823s): '\x00\x00\x00\x00\x00\r\n\r\n\r\nPK-232M is using default values.\r\n  \r\n\r\n\r\n\x11AEA PK-232M Data Controller\r\nCopyright (C) 1986-1991 by\r\nAdvanced Electronic Applications, Inc.\r\nRelease 01.AUG.91\r\n\r\ncmd:'
[  6.441] RX (0.411s): ''
[  6.441] TX: 'RESTART\r'
[  7.262] RX (0.821s): 'RESTART\r\n  \r\n\r\n\r\n\x11AEA PK-232M Data Controller\r\nCopyright (C) 1986-1991 by\r\nAdvanced Electronic Applications, Inc.\r\nRelease 01.AUG.91\r\n\r\ncmd:'
[  7.672] RX (0.410s): ''
[  7.672] TX: '\x03'
[  8.479] RX (0.807s): 'cmd:'
[  8.479] TX: 'ECHO\r'
[  9.292] RX (0.812s): 'ECHO\r\nEcho      ON\r\ncmd:'
[  9.697] RX (0.406s): ''
[  9.698] TX: 'OPMODE\r'
[ 10.519] RX (0.822s): 'OPMODE\r\nOpmode    PAcket    \r\ncmd:'
[ 10.928] RX (0.408s): ''
[ 10.928] TX: 'DISPLAY\r'
[ 11.745] RX (0.817s): 'DISPLAY\r\n(See also DISPLAY A,B,C,F,I,L,M,R,T,Z)\r\nConnect   Link state is: DISCONNECTED\r\nOpmode    PAcket    \r\nFRack     5 (5 sec.)\r\nHBaud     1200\r\nMAXframe  4\r\nMonitor   4 (UA DM C D I UI)\r\nMYcall    PK232\r\nMYSelcal  none\r\nPACLen    128\r\nRBaud     45\r\nTXdelay   30 (300 msec.)\r\nVhf       ON\r\nWIdeshft  OFF\r\ncmd:'
[ 12.154] RX (0.409s): ''
[ 12.155] -- BANNER geparst: release=01.AUG.91
[ 12.155] -- Phase: EXPERT entsperren
[ 12.155] TX: 'EXPERT\r'
[ 12.966] RX (0.811s): 'EXPERT\r\n?What?\r\ncmd:'
[ 12.967] TX: 'MYCALL\r'
[ 13.786] RX (0.819s): 'MYCALL\r\nMYcall    PK232\r\ncmd:'
[ 14.197] RX (0.411s): ''
[ 14.197] TX: 'MYSELCAL\r'
[ 15.015] RX (0.817s): 'MYSELCAL\r\nMYSelcal  none\r\ncmd:'
[ 15.420] RX (0.404s): ''
[ 15.420] TX: 'MYCALL OE3GAS\r'
[ 16.234] RX (0.814s): 'MYCALL OE3GAS\r\nMYcall    was PK232\r\nMYcall    now OE3GAS\r\ncmd:'
[ 16.639] RX (0.405s): ''
[ 16.639] TX: 'MYSELCAL OEAS\r'
[ 17.450] RX (0.811s): 'MYSELCAL OEAS\r\nMYSelcal  was none\r\nMYSelcal  now OEAS\r\ncmd:'
[ 17.861] RX (0.410s): ''
[ 17.861] -- RISKY ALIST (kind=mode): baseline, send, record 3 s
[ 17.861] TX: '\r'
[ 18.682] RX (0.820s): '\r\ncmd:'
[ 19.091] RX (0.409s): ''
[ 19.091] TX: 'ALIST\r'
[ 19.912] RX (0.821s): 'ALIST\r\nOpmode   was PAcket    \r\nOpmode   now AList     \r\ncmd:'
[ 20.322] RX (0.410s): ''
[ 20.732] RX (0.410s): ''
[ 21.141] RX (0.409s): ''
[ 21.552] RX (0.411s): ''
[ 21.962] RX (0.410s): ''
[ 22.367] RX (0.405s): ''
[ 22.367] TX: 'PACKET\r'
[ 23.182] RX (0.814s): 'PACKET\r\nOpmode   was AList     \r\nOpmode   now PAcket    \r\ncmd:'
[ 23.588] RX (0.406s): ''
[ 23.588] -- recovery step PACKET: cmd: reached
[ 23.588] TX: 'OPMODE\r'
[ 24.398] RX (0.810s): 'OPMODE\r\nOpmode    PAcket    \r\ncmd:'
[ 24.808] RX (0.409s): ''
[ 24.808] TX: 'MYCALL\r'
[ 25.630] RX (0.822s): 'MYCALL\r\nMYcall    OE3GAS\r\ncmd:'
[ 26.040] RX (0.410s): ''
[ 26.040] -- RISKY ALIST: exists=yes effect='changes OPMODE to ALIST' recovery=PACKET opmode='Opmode PAcket' mycall='MYcall OE3GAS'
[ 26.041] -- RISKY AMTOR (kind=mode): baseline, send, record 3 s
[ 26.041] TX: '\r'
[ 26.861] RX (0.820s): '\r\ncmd:'
[ 27.272] RX (0.411s): ''
[ 27.272] TX: 'AMTOR\r'
[ 28.092] RX (0.819s): 'AMTOR\r\nOpmode   was PAcket    \r\nOpmode   now AMtor     \r\ncmd:'
[ 28.502] RX (0.411s): ''
[ 28.912] RX (0.410s): ''
[ 29.323] RX (0.411s): ''
[ 29.730] RX (0.407s): ''
[ 30.137] RX (0.407s): ''
[ 30.543] RX (0.406s): ''
[ 30.543] TX: 'PACKET\r'
[ 31.353] RX (0.809s): 'PACKET\r\nOpmode   was AMtor     \r\nOpmode   now PAcket    \r\ncmd:'
[ 31.759] RX (0.407s): ''
[ 31.759] -- recovery step PACKET: cmd: reached
[ 31.759] TX: 'OPMODE\r'
[ 32.580] RX (0.821s): 'OPMODE\r\nOpmode    PAcket    \r\ncmd:'
[ 32.990] RX (0.410s): ''
[ 32.990] TX: 'MYCALL\r'
[ 33.810] RX (0.819s): 'MYCALL\r\nMYcall    OE3GAS\r\ncmd:'
[ 34.222] RX (0.412s): ''
[ 34.222] -- RISKY AMTOR: exists=yes effect='changes OPMODE to AMTOR' recovery=PACKET opmode='Opmode PAcket' mycall='MYcall OE3GAS'
[ 34.222] -- RISKY CONVERSE (kind=mode): baseline, send, record 3 s
[ 34.222] TX: '\r'
[ 35.043] RX (0.820s): '\r\ncmd:'
[ 35.454] RX (0.411s): ''
[ 35.455] TX: 'CONVERSE\r'
[ 36.274] RX (0.820s): 'CONVERSE\r\n'
[ 36.685] RX (0.411s): ''
[ 37.088] RX (0.403s): ''
[ 37.498] RX (0.409s): ''
[ 37.900] RX (0.403s): ''
[ 38.301] RX (0.401s): ''
[ 38.703] RX (0.402s): ''
[ 38.704] TX: '\x03'
[ 39.520] RX (0.816s): 'cmd:'
[ 39.931] RX (0.411s): ''
[ 39.931] -- recovery step Ctrl-C: cmd: reached
[ 39.931] TX: 'OPMODE\r'
[ 40.752] RX (0.821s): 'OPMODE\r\nOpmode    PAcket    \r\ncmd:'
[ 41.162] RX (0.410s): ''
[ 41.162] TX: 'MYCALL\r'
[ 41.984] RX (0.821s): 'MYCALL\r\nMYcall    OE3GAS\r\ncmd:'
[ 42.394] RX (0.410s): ''
[ 42.394] -- RISKY CONVERSE: exists=yes effect='enters converse mode' recovery=Ctrl-C opmode='Opmode PAcket' mycall='MYcall OE3GAS'
[ 42.394] -- RISKY K (kind=mode): baseline, send, record 3 s
[ 42.394] TX: '\r'
[ 43.213] RX (0.819s): '\r\ncmd:'
[ 43.623] RX (0.409s): ''
[ 43.623] TX: 'K\r'
[ 44.439] RX (0.816s): 'K\r\n'
[ 44.846] RX (0.406s): ''
[ 45.253] RX (0.407s): ''
[ 45.658] RX (0.405s): ''
[ 46.061] RX (0.403s): ''
[ 46.466] RX (0.405s): ''
[ 46.877] RX (0.411s): ''
[ 46.878] TX: '\x03'
[ 47.698] RX (0.820s): 'cmd:'
[ 48.111] RX (0.412s): ''
[ 48.111] -- recovery step Ctrl-C: cmd: reached
[ 48.111] TX: 'OPMODE\r'
[ 48.934] RX (0.823s): 'OPMODE\r\nOpmode    PAcket    \r\ncmd:'
[ 49.337] RX (0.403s): ''
[ 49.337] TX: 'MYCALL\r'
[ 50.150] RX (0.813s): 'MYCALL\r\nMYcall    OE3GAS\r\ncmd:'
[ 50.552] RX (0.401s): ''
[ 50.552] -- RISKY K: exists=yes effect='enters converse mode' recovery=Ctrl-C opmode='Opmode PAcket' mycall='MYcall OE3GAS'
[ 50.553] -- RISKY RCVE (kind=mode): baseline, send, record 3 s in BAUDOT
[ 50.553] -- MODE ENTER BAUDOT
[ 50.553] TX: 'BAUDOT\r'
[ 50.853] TX: '\x03'
[ 51.669] RX (0.815s): 'BAUDOT\r\nOpmode   was PAcket    \r\nOpmode   now BAudot    \r\ncmd:cmd:'
[ 51.669] TX: '\r'
[ 52.475] RX (0.806s): '\r\ncmd:'
[ 52.888] RX (0.413s): ''
[ 52.888] TX: 'RCVE\r'
[ 53.707] RX (0.819s): 'RCVE\r\ncmd:'
[ 54.116] RX (0.409s): ''
[ 54.530] RX (0.413s): ''
[ 54.931] RX (0.401s): ''
[ 55.331] RX (0.400s): ''
[ 55.735] RX (0.404s): ''
[ 56.135] RX (0.400s): ''
[ 56.135] TX: 'PACKET\r'
[ 56.947] RX (0.811s): 'PACKET\r\nOpmode   was BAudot    \r\nOpmode   now PAcket    \r\ncmd:'
[ 57.347] RX (0.400s): ''
[ 57.347] -- recovery step PACKET: cmd: reached
[ 57.347] -- MODE ENTER PACKET
[ 57.347] TX: 'PACKET\r'
[ 57.647] TX: '\x03'
[ 58.465] RX (0.817s): 'PACKET\r\nOpmode   was PAcket    \r\nOpmode   now PAcket    \r\ncmd:cmd:'
[ 58.465] TX: 'OPMODE\r'
[ 59.275] RX (0.809s): 'OPMODE\r\nOpmode    PAcket    \r\ncmd:'
[ 59.675] RX (0.400s): ''
[ 59.676] TX: 'MYCALL\r'
[ 60.493] RX (0.817s): 'MYCALL\r\nMYcall    OE3GAS\r\ncmd:'
[ 60.897] RX (0.404s): ''
[ 60.897] -- RISKY RCVE: exists=yes effect='no output' recovery=PACKET opmode='Opmode PAcket' mycall='MYcall OE3GAS'
[ 60.898] -- RISKY SAMPLE (kind=mode): baseline, send, record 3 s
[ 60.898] TX: '\r'
[ 61.726] RX (0.828s): '\r\ncmd:'
[ 62.132] RX (0.406s): ''
[ 62.132] TX: 'SAMPLE\r'
[ 62.951] RX (0.818s): 'SAMPLE\r\n?not enough\r\ncmd:'
[ 63.356] RX (0.405s): ''
[ 63.763] RX (0.407s): ''
[ 64.169] RX (0.406s): ''
[ 64.581] RX (0.412s): ''
[ 64.988] RX (0.407s): ''
[ 65.394] RX (0.406s): ''
[ 65.395] TX: 'PACKET\r'
[ 66.215] RX (0.820s): 'PACKET\r\nOpmode   was PAcket    \r\nOpmode   now PAcket    \r\ncmd:'
[ 66.620] RX (0.404s): ''
[ 66.620] -- recovery step PACKET: cmd: reached
[ 66.620] TX: 'OPMODE\r'
[ 67.433] RX (0.812s): 'OPMODE\r\nOpmode    PAcket    \r\ncmd:'
[ 67.839] RX (0.406s): ''
[ 67.839] TX: 'MYCALL\r'
[ 68.657] RX (0.817s): 'MYCALL\r\nMYcall    OE3GAS\r\ncmd:'
[ 69.064] RX (0.407s): ''
[ 69.064] -- RISKY SAMPLE: exists=yes effect='' recovery=PACKET opmode='Opmode PAcket' mycall='MYcall OE3GAS'
[ 69.064] -- RISKY ACHG (kind=action_tx): baseline, send, record 3 s in AMTOR
[ 69.064] -- MODE ENTER AMTOR
[ 69.064] TX: 'AMTOR\r'
[ 69.365] TX: '\x03'
[ 70.178] RX (0.813s): 'AMTOR\r\nOpmode   was PAcket    \r\nOpmode   now AMtor     \r\ncmd:cmd:'
[ 70.178] TX: '\r'
[ 70.984] RX (0.806s): '\r\ncmd:'
[ 71.384] RX (0.400s): ''
[ 71.384] TX: 'ACHG\r'
[ 72.203] RX (0.818s): 'ACHG\r\n?not while in AMtor     \r\ncmd:'
[ 72.611] RX (0.408s): ''
[ 73.017] RX (0.406s): ''
[ 73.418] RX (0.401s): ''
[ 73.831] RX (0.413s): ''
[ 74.235] RX (0.404s): ''
[ 74.637] RX (0.402s): ''
[ 74.637] TX: '\x03'
[ 75.445] RX (0.808s): 'cmd:'
[ 75.853] RX (0.408s): ''
[ 75.853] -- recovery step Ctrl-C: cmd: reached
[ 75.853] -- MODE ENTER PACKET
[ 75.853] TX: 'PACKET\r'
[ 76.153] TX: '\x03'
[ 76.966] RX (0.813s): 'PACKET\r\nOpmode   was AMtor     \r\nOpmode   now PAcket    \r\ncmd:cmd:'
[ 76.966] TX: 'OPMODE\r'
[ 77.784] RX (0.818s): 'OPMODE\r\nOpmode    PAcket    \r\ncmd:'
[ 78.185] RX (0.400s): ''
[ 78.185] TX: 'MYCALL\r'
[ 79.000] RX (0.815s): 'MYCALL\r\nMYcall    OE3GAS\r\ncmd:'
[ 79.403] RX (0.403s): ''
[ 79.403] -- RISKY ACHG: exists=yes effect='' recovery=Ctrl-C opmode='Opmode PAcket' mycall='MYcall OE3GAS'
[ 79.403] -- RISKY ARQ (kind=action_tx): baseline, send, record 3 s
[ 79.403] TX: '\r'
[ 80.218] RX (0.814s): '\r\ncmd:'
[ 80.619] RX (0.401s): ''
[ 80.619] TX: 'ARQ\r'
[ 81.435] RX (0.815s): 'ARQ\r\n?callsign\r\ncmd:'
[ 81.844] RX (0.409s): ''
[ 82.251] RX (0.407s): ''
[ 82.656] RX (0.405s): ''
[ 83.064] RX (0.408s): ''
[ 83.476] RX (0.411s): ''
[ 83.882] RX (0.406s): ''
[ 83.882] TX: '\x03'
[ 84.700] RX (0.817s): 'cmd:'
[ 85.106] RX (0.406s): ''
[ 85.106] -- recovery step Ctrl-C: cmd: reached
[ 85.106] TX: 'OPMODE\r'
[ 85.919] RX (0.812s): 'OPMODE\r\nOpmode    PAcket    \r\ncmd:'
[ 86.332] RX (0.413s): ''
[ 86.332] TX: 'MYCALL\r'
[ 87.144] RX (0.812s): 'MYCALL\r\nMYcall    OE3GAS\r\ncmd:'
[ 87.552] RX (0.407s): ''
[ 87.552] -- RISKY ARQ: exists=yes effect='' recovery=Ctrl-C opmode='Opmode PAcket' mycall='MYcall OE3GAS'
[ 87.552] -- RISKY FEC (kind=action_tx): baseline, send, record 3 s
[ 87.552] TX: '\r'
[ 88.353] RX (0.801s): '\r\ncmd:'
[ 88.756] RX (0.403s): ''
[ 88.756] TX: 'FEC\r'
[ 89.574] RX (0.818s): 'FEC\r\nOpmode   was PAcket    \r\nOpmode   now FEc       \r\n'
[ 89.980] RX (0.406s): ''
[ 90.388] RX (0.408s): ''
[ 90.798] RX (0.410s): ''
[ 91.204] RX (0.405s): ''
[ 91.605] RX (0.401s): ''
[ 92.014] RX (0.409s): ''
[ 92.014] TX: '\x03'
[ 92.819] RX (0.805s): 'cmd:'
[ 93.234] RX (0.415s): ''
[ 93.234] -- recovery step Ctrl-C: cmd: reached
[ 93.234] TX: 'OPMODE\r'
[ 94.045] RX (0.811s): 'OPMODE\r\nOpmode    FEc        IDLE SEND\r\ncmd:'
[ 94.450] RX (0.404s): ''
[ 94.450] TX: 'MYCALL\r'
[ 95.267] RX (0.817s): 'MYCALL\r\nMYcall    OE3GAS\r\ncmd:'
[ 95.680] RX (0.413s): ''
[ 95.680] -- RISKY FEC: exists=yes effect='changes OPMODE to FEC' recovery=Ctrl-C opmode='Opmode FEc IDLE SEND' mycall='MYcall OE3GAS'
[ 95.680] -- RISKY ID (kind=action_tx): baseline, send, record 3 s
[ 95.680] TX: '\r'
[ 96.504] RX (0.823s): '\r\ncmd:'
[ 96.910] RX (0.406s): ''
[ 96.910] TX: 'ID\r'
[ 97.727] RX (0.817s): 'ID\r\ncmd:'
[ 98.136] RX (0.409s): ''
[ 98.537] RX (0.402s): ''
[ 98.953] RX (0.415s): ''
[ 99.360] RX (0.407s): ''
[ 99.767] RX (0.407s): ''
[100.586] RX (0.819s): '\r\n'
[100.586] TX: '\x03'
[101.388] RX (0.801s): 'cmd:'
[101.803] RX (0.415s): ''
[101.803] -- recovery step Ctrl-C: cmd: reached
[101.803] TX: 'OPMODE\r'
[102.616] RX (0.814s): 'OPMODE\r\nOpmode    AMtor      STBY RCVE\r\ncmd:'
[103.021] RX (0.404s): ''
[103.021] TX: 'MYCALL\r'
[103.835] RX (0.814s): 'MYCALL\r\nMYcall    OE3GAS\r\ncmd:'
[104.237] RX (0.401s): ''
[104.237] -- RISKY ID: exists=yes effect='no output' recovery=Ctrl-C opmode='Opmode AMtor STBY RCVE' mycall='MYcall OE3GAS'
[104.237] -- RISKY SELFEC (kind=action_tx): baseline, send, record 3 s
[104.237] TX: '\r'
[105.039] RX (0.802s): '\r\ncmd:'
[105.440] RX (0.400s): ''
[105.440] TX: 'SELFEC\r'
[106.265] RX (0.825s): 'SELFEC\r\n?callsign\r\ncmd:'
[106.671] RX (0.406s): ''
[107.485] RX (0.813s): '\r\n'
[107.885] RX (0.400s): ''
[108.298] RX (0.413s): ''
[108.704] RX (0.406s): ''
[108.705] TX: '\x03'
[109.509] RX (0.804s): 'cmd:'
[109.909] RX (0.400s): ''
[109.909] -- recovery step Ctrl-C: cmd: reached
[109.909] TX: 'OPMODE\r'
[110.721] RX (0.812s): 'OPMODE\r\nOpmode    AMtor      STBY RCVE\r\ncmd:'
[111.123] RX (0.401s): ''
[111.123] TX: 'MYCALL\r'
[111.926] RX (0.803s): 'MYCALL\r\nMYcall    OE3GAS\r\ncmd:'
[112.337] RX (0.411s): ''
[112.337] -- RISKY SELFEC: exists=yes effect='' recovery=Ctrl-C opmode='Opmode AMtor STBY RCVE' mycall='MYcall OE3GAS'
[112.337] -- RISKY XMIT (kind=action_tx): baseline, send, record 3 s in BAUDOT
[112.337] -- MODE ENTER BAUDOT
[112.338] TX: 'BAUDOT\r'
[112.638] TX: '\x03'
[113.453] RX (0.815s): 'BAUDOT\r\nOpmode   was AMtor     \r\nOpmode   now BAudot    \r\ncmd:cmd:'
[113.453] TX: '\r'
[114.255] RX (0.802s): '\r\ncmd:'
[114.665] RX (0.410s): ''
[114.665] TX: 'XMIT\r'
[115.472] RX (0.806s): 'XMIT\r\n'
[115.887] RX (0.415s): ''
[116.288] RX (0.401s): ''
[116.702] RX (0.414s): ''
[117.103] RX (0.401s): ''
[117.505] RX (0.402s): ''
[117.912] RX (0.407s): ''
[117.912] TX: '\x03'
[118.721] RX (0.809s): 'cmd:'
[119.129] RX (0.408s): ''
[119.129] -- recovery step Ctrl-C: cmd: reached
[119.129] -- MODE ENTER PACKET
[119.129] TX: 'PACKET\r'
[119.430] TX: '\x03'
[120.243] RX (0.813s): 'PACKET\r\nOpmode   was BAudot    \r\nOpmode   now PAcket    \r\ncmd:cmd:'
[120.243] TX: 'OPMODE\r'
[121.062] RX (0.819s): 'OPMODE\r\nOpmode    PAcket    \r\ncmd:'
[121.470] RX (0.407s): ''
[121.470] TX: 'MYCALL\r'
[122.288] RX (0.818s): 'MYCALL\r\nMYcall    OE3GAS\r\ncmd:'
[122.694] RX (0.406s): ''
[122.694] -- RISKY XMIT: exists=yes effect='starts the transmission' recovery=Ctrl-C opmode='Opmode PAcket' mycall='MYcall OE3GAS'
[122.695] -- RISKY MDCHECK (kind=danger): baseline, send, record 3 s
[122.695] TX: '\r'
[123.512] RX (0.817s): '\r\ncmd:'
[123.916] RX (0.404s): ''
[123.916] TX: 'MDCHECK\r'
[124.733] RX (0.816s): 'MDCHECK\r\n[AEA PK-232M]  18340 free  (B,E,K,L,R,S) >\r\n'
[125.137] RX (0.404s): ''
[125.550] RX (0.413s): ''
[125.953] RX (0.403s): ''
[126.361] RX (0.408s): ''
[126.769] RX (0.408s): ''
[127.173] RX (0.404s): ''
[127.173] TX: 'B\r'
[127.995] RX (0.821s): 'B\r\ncmd:'
[128.401] RX (0.406s): ''
[128.401] -- recovery step B: cmd: reached
[128.401] TX: 'OPMODE\r'
[129.218] RX (0.817s): 'OPMODE\r\nOpmode    PAcket    \r\ncmd:'
[129.626] RX (0.408s): ''
[129.626] TX: 'MYCALL\r'
[130.438] RX (0.812s): 'MYCALL\r\nMYcall    OE3GAS\r\ncmd:'
[130.850] RX (0.412s): ''
[130.850] -- RISKY MDCHECK: exists=yes effect='enters the MailDrop mailbox session' recovery=B opmode='Opmode PAcket' mycall='MYcall OE3GAS'
[130.850] -- RISKY MEMORY (kind=danger): baseline, send, record 3 s
[130.850] TX: '\r'
[131.654] RX (0.804s): '\r\ncmd:'
[132.055] RX (0.401s): ''
[132.055] TX: 'MEMORY\r'
[132.871] RX (0.816s): 'MEMORY\r\nMEmory    $00\r\ncmd:'
[133.277] RX (0.407s): ''
[133.684] RX (0.407s): ''
[134.087] RX (0.402s): ''
[134.492] RX (0.405s): ''
[134.893] RX (0.401s): ''
[135.302] RX (0.408s): ''
[135.302] TX: '\x03'
[136.121] RX (0.820s): 'cmd:'
[136.524] RX (0.402s): ''
[136.524] -- recovery step Ctrl-C: cmd: reached
[136.524] TX: 'OPMODE\r'
[137.349] RX (0.825s): 'OPMODE\r\nOpmode    PAcket    \r\ncmd:'
[137.750] RX (0.400s): ''
[137.750] TX: 'MYCALL\r'
[138.566] RX (0.816s): 'MYCALL\r\nMYcall    OE3GAS\r\ncmd:'
[138.972] RX (0.405s): ''
[138.972] -- RISKY MEMORY: exists=yes effect='prints a value' recovery=Ctrl-C opmode='Opmode PAcket' mycall='MYcall OE3GAS'
[138.972] -- RISKY TRANS (kind=danger): baseline, send, record 3 s
[138.972] TX: '\r'
[139.800] RX (0.828s): '\r\ncmd:'
[140.215] RX (0.414s): ''
[140.215] TX: 'TRANS\r'
[141.019] RX (0.804s): 'TRANS\r\n'
[141.420] RX (0.401s): ''
[141.823] RX (0.403s): ''
[142.223] RX (0.400s): ''
[142.623] RX (0.400s): ''
[143.024] RX (0.401s): ''
[143.425] RX (0.401s): ''
[144.926] TX: '\x03'
[145.126] TX: '\x03'
[145.327] TX: '\x03'
[146.828] TX: '\x03'
[147.635] RX (0.807s): 'cmd:cmd:'
[148.044] RX (0.409s): ''
[148.044] -- recovery step 3xCtrl-C/CMDTIME: cmd: reached
[148.044] TX: 'OPMODE\r'
[148.867] RX (0.822s): 'OPMODE\r\nOpmode    PAcket    \r\ncmd:'
[149.273] RX (0.406s): ''
[149.273] TX: 'MYCALL\r'
[150.076] RX (0.803s): 'MYCALL\r\nMYcall    OE3GAS\r\ncmd:'
[150.489] RX (0.413s): ''
[150.489] -- RISKY TRANS: exists=yes effect='enters transparent mode' recovery=3xCtrl-C/CMDTIME opmode='Opmode PAcket' mycall='MYcall OE3GAS'
[150.490] TX: '\r'
[151.306] RX (0.815s): '\r\ncmd:'
[151.720] RX (0.415s): ''
[151.720] TX: 'MYCALL PK232\r'
[152.531] RX (0.811s): 'MYCALL PK232\r\nMYcall    was OE3GAS\r\nMYcall    now PK232\r\ncmd:'
[152.940] RX (0.409s): ''
[152.940] TX: 'MYSELCAL none\r'
[153.759] RX (0.818s): 'MYSELCAL none\r\nMYSelcal  was OEAS\r\nMYSelcal  now NONE\r\ncmd:'
[154.172] RX (0.413s): ''
[154.172] -- MODE ENTER PACKET
[154.172] TX: 'PACKET\r'
[154.473] TX: '\x03'
[155.274] RX (0.801s): 'PACKET\r\nOpmode   was PAcket    \r\nOpmode   now PAcket    \r\ncmd:cmd:'
[155.274] TX: 'DISPLAY\r'
[156.088] RX (0.814s): 'DISPLAY\r\n(See also DISPLAY A,B,C,F,I,L,M,R,T,Z)\r\nConnect   Link state is: DISCONNECTED\r\nOpmode    PAcket    \r\nFRack     5 (5 sec.)\r\nHBaud     1200\r\nMAXframe  4\r\nMonitor   4 (UA DM C D I UI)\r\nMYcall    PK232\r\nMYSelcal  NONE\r\nPACLen    128\r\nRBaud     45\r\nTXdelay   30 (300 msec.)\r\nVhf       ON\r\nWIdeshft  OFF\r\ncmd:'
[156.492] RX (0.403s): ''

# end of log -- 2026-10-07T14:26:47
