# PK-232 scan debug log -- 2026-10-07T14:30:32
# [t+sec] TAG: data   (TX=gesendet | RX=empfangen mit Wartezeit | --=Notiz)

[  5.848] -- wake step 1: '*' without CR
[  5.848] TX: '*'
[  6.658] RX (0.810s): '*\\\r\ncmd:'
[  7.060] RX (0.401s): ''
[  7.060] TX: 'RESTART\r'
[  7.870] RX (0.809s): 'RESTART\r\n\x00  \r\n\r\n\r\n\x11AEA PK-232 Data Controller\r\nCopyright (C) 1986, 1987, 1988 by\r\nAdvanced Electronic Applications, Inc.\r\nRelease 30.DEC.88\r\nChecksum $80\r\ncmd:'
[  8.282] RX (0.413s): ''
[  8.282] TX: '\x03'
[  9.090] RX (0.808s): 'cmd:'
[  9.091] TX: 'ECHO\r'
[  9.910] RX (0.819s): 'ECHO\r\nECHO     ON\r\ncmd:'
[ 10.325] RX (0.415s): ''
[ 10.325] TX: 'OPMODE\r'
[ 11.126] RX (0.801s): 'OPMODE\r\nOPMODE   PACKET   \r\ncmd:'
[ 11.526] RX (0.400s): ''
[ 11.527] TX: 'DISPLAY\r'
[ 12.342] RX (0.815s): 'DISPLAY\r\nDISPLAY  A,C,F,I,L,M,R,T,Z\r\ncmd:'
[ 12.742] RX (0.400s): ''
[ 12.742] -- BANNER geparst: release=30.DEC.88
[ 12.742] -- Phase: EXPERT entsperren
[ 12.743] TX: 'EXPERT\r'
[ 13.558] RX (0.815s): 'EXPERT\r\n?What?\r\ncmd:'
[ 13.559] TX: 'MYCALL\r'
[ 14.375] RX (0.816s): 'MYCALL\r\nMYCALL   PK232\r\ncmd:'
[ 14.777] RX (0.401s): ''
[ 14.777] TX: 'MYSELCAL\r'
[ 15.592] RX (0.815s): 'MYSELCAL\r\nMYSELCAL OEAS\r\ncmd:'
[ 16.007] RX (0.415s): ''
[ 16.008] TX: 'MYCALL OE3GAS\r'
[ 16.824] RX (0.816s): 'MYCALL OE3GAS\r\nMYCALL   was PK232\r\nMYCALL   now OE3GAS\r\ncmd:'
[ 17.232] RX (0.408s): ''
[ 17.232] TX: 'MYSELCAL OEAS\r'
[ 18.042] RX (0.810s): 'MYSELCAL OEAS\r\nMYSELCAL was OEAS\r\nMYSELCAL now OEAS\r\ncmd:'
[ 18.442] RX (0.400s): ''
[ 18.443] -- RISKY ALIST (kind=mode): baseline, send, record 3 s
[ 18.443] TX: '\r'
[ 19.267] RX (0.823s): '\r\ncmd:'
[ 19.676] RX (0.409s): ''
[ 19.676] TX: 'ALIST\r'
[ 20.476] RX (0.800s): 'ALIST\r\nOPMODE   was PACKET   \r\nOPMODE   now ALIST    \r\ncmd:'
[ 20.877] RX (0.401s): ''
[ 21.277] RX (0.400s): ''
[ 21.679] RX (0.402s): ''
[ 22.080] RX (0.401s): ''
[ 22.491] RX (0.411s): ''
[ 22.891] RX (0.400s): ''
[ 22.891] TX: 'PACKET\r'
[ 23.692] RX (0.801s): 'PACKET\r\nOPMODE   was ALIST    \r\nOPMODE   now PACKET   \r\ncmd:'
[ 24.107] RX (0.414s): ''
[ 24.107] -- recovery step PACKET: cmd: reached
[ 24.107] TX: 'OPMODE\r'
[ 24.926] RX (0.819s): 'OPMODE\r\nOPMODE   PACKET   \r\ncmd:'
[ 25.327] RX (0.400s): ''
[ 25.327] TX: 'MYCALL\r'
[ 26.127] RX (0.800s): 'MYCALL\r\nMYCALL   OE3GAS\r\ncmd:'
[ 26.543] RX (0.415s): ''
[ 26.543] -- RISKY ALIST: exists=yes effect='changes OPMODE to ALIST' recovery=PACKET opmode='OPMODE PACKET' mycall='MYCALL OE3GAS'
[ 26.543] -- RISKY AMTOR (kind=mode): baseline, send, record 3 s
[ 26.543] TX: '\r'
[ 27.361] RX (0.817s): '\r\ncmd:'
[ 27.761] RX (0.400s): ''
[ 27.761] TX: 'AMTOR\r'
[ 28.576] RX (0.815s): 'AMTOR\r\nOPMODE   was PACKET   \r\nOPMODE   now AMTOR    \r\ncmd:'
[ 28.977] RX (0.401s): ''
[ 29.377] RX (0.400s): ''
[ 29.793] RX (0.415s): ''
[ 30.202] RX (0.409s): ''
[ 30.610] RX (0.408s): ''
[ 31.024] RX (0.414s): ''
[ 31.025] TX: 'PACKET\r'
[ 31.841] RX (0.817s): 'PACKET\r\nOPMODE   was AMTOR    \r\nOPMODE   now PACKET   \r\ncmd:'
[ 32.242] RX (0.401s): ''
[ 32.242] -- recovery step PACKET: cmd: reached
[ 32.242] TX: 'OPMODE\r'
[ 33.060] RX (0.817s): 'OPMODE\r\nOPMODE   PACKET   \r\ncmd:'
[ 33.461] RX (0.401s): ''
[ 33.461] TX: 'MYCALL\r'
[ 34.276] RX (0.815s): 'MYCALL\r\nMYCALL   OE3GAS\r\ncmd:'
[ 34.685] RX (0.409s): ''
[ 34.685] -- RISKY AMTOR: exists=yes effect='changes OPMODE to AMTOR' recovery=PACKET opmode='OPMODE PACKET' mycall='MYCALL OE3GAS'
[ 34.686] -- RISKY CONVERSE (kind=mode): baseline, send, record 3 s
[ 34.686] TX: '\r'
[ 35.494] RX (0.808s): '\r\ncmd:'
[ 35.909] RX (0.415s): ''
[ 35.909] TX: 'CONVERSE\r'
[ 36.710] RX (0.800s): 'CONVERSE\r\n'
[ 37.111] RX (0.401s): ''
[ 37.525] RX (0.414s): ''
[ 37.926] RX (0.400s): ''
[ 38.326] RX (0.401s): ''
[ 38.726] RX (0.400s): ''
[ 39.132] RX (0.406s): ''
[ 39.132] TX: '\x03'
[ 39.958] RX (0.826s): 'cmd:'
[ 40.360] RX (0.402s): ''
[ 40.360] -- recovery step Ctrl-C: cmd: reached
[ 40.360] TX: 'OPMODE\r'
[ 41.165] RX (0.805s): 'OPMODE\r\nOPMODE   PACKET   \r\ncmd:'
[ 41.577] RX (0.411s): ''
[ 41.577] TX: 'MYCALL\r'
[ 42.394] RX (0.816s): 'MYCALL\r\nMYCALL   OE3GAS\r\ncmd:'
[ 42.795] RX (0.401s): ''
[ 42.795] -- RISKY CONVERSE: exists=yes effect='enters converse mode' recovery=Ctrl-C opmode='OPMODE PACKET' mycall='MYCALL OE3GAS'
[ 42.795] -- RISKY K (kind=mode): baseline, send, record 3 s
[ 42.795] TX: '\r'
[ 43.610] RX (0.815s): '\r\ncmd:'
[ 44.011] RX (0.401s): ''
[ 44.012] TX: 'K\r'
[ 44.827] RX (0.815s): 'K\r\n'
[ 45.230] RX (0.403s): ''
[ 45.642] RX (0.412s): ''
[ 46.043] RX (0.401s): ''
[ 46.445] RX (0.402s): ''
[ 46.859] RX (0.414s): ''
[ 47.260] RX (0.401s): ''
[ 47.260] TX: '\x03'
[ 48.060] RX (0.800s): 'cmd:'
[ 48.462] RX (0.401s): ''
[ 48.462] -- recovery step Ctrl-C: cmd: reached
[ 48.462] TX: 'OPMODE\r'
[ 49.264] RX (0.802s): 'OPMODE\r\nOPMODE   PACKET   \r\ncmd:'
[ 49.677] RX (0.413s): ''
[ 49.677] TX: 'MYCALL\r'
[ 50.479] RX (0.801s): 'MYCALL\r\nMYCALL   OE3GAS\r\ncmd:'
[ 50.880] RX (0.401s): ''
[ 50.880] -- RISKY K: exists=yes effect='enters converse mode' recovery=Ctrl-C opmode='OPMODE PACKET' mycall='MYCALL OE3GAS'
[ 50.880] -- RISKY RCVE (kind=mode): baseline, send, record 3 s in BAUDOT
[ 50.880] -- MODE ENTER BAUDOT
[ 50.880] TX: 'BAUDOT\r'
[ 51.181] TX: '\x03'
[ 51.994] RX (0.813s): 'BAUDOT\r\nOPMODE   was PACKET   \r\nOPMODE   now BAUDOT   \r\ncmd:cmd:'
[ 51.994] TX: '\r'
[ 52.808] RX (0.813s): '\r\ncmd:'
[ 53.214] RX (0.406s): ''
[ 53.214] TX: 'RCVE\r'
[ 54.042] RX (0.828s): 'RCVE\r\ncmd:'
[ 54.444] RX (0.402s): ''
[ 54.860] RX (0.416s): ''
[ 55.261] RX (0.401s): ''
[ 55.662] RX (0.401s): ''
[ 56.062] RX (0.400s): ''
[ 56.462] RX (0.400s): ''
[ 56.462] TX: 'PACKET\r'
[ 57.279] RX (0.816s): 'PACKET\r\nOPMODE   was BAUDOT   \r\nOPMODE   now PACKET   \r\ncmd:'
[ 57.679] RX (0.400s): ''
[ 57.679] -- recovery step PACKET: cmd: reached
[ 57.679] -- MODE ENTER PACKET
[ 57.679] TX: 'PACKET\r'
[ 57.980] TX: '\x03'
[ 58.794] RX (0.814s): 'PACKET\r\nOPMODE   was PACKET   \r\nOPMODE   now PACKET   \r\ncmd:cmd:'
[ 58.794] TX: 'OPMODE\r'
[ 59.595] RX (0.801s): 'OPMODE\r\nOPMODE   PACKET   \r\ncmd:'
[ 59.996] RX (0.401s): ''
[ 59.996] TX: 'MYCALL\r'
[ 60.811] RX (0.814s): 'MYCALL\r\nMYCALL   OE3GAS\r\ncmd:'
[ 61.220] RX (0.409s): ''
[ 61.220] -- RISKY RCVE: exists=yes effect='no output' recovery=PACKET opmode='OPMODE PACKET' mycall='MYCALL OE3GAS'
[ 61.220] -- RISKY ACHG (kind=action_tx): baseline, send, record 3 s in AMTOR
[ 61.220] -- MODE ENTER AMTOR
[ 61.220] TX: 'AMTOR\r'
[ 61.521] TX: '\x03'
[ 62.329] RX (0.807s): 'AMTOR\r\nOPMODE   was PACKET   \r\nOPMODE   now AMTOR    \r\ncmd:cmd:'
[ 62.329] TX: '\r'
[ 63.134] RX (0.804s): '\r\ncmd:'
[ 63.546] RX (0.412s): ''
[ 63.546] TX: 'ACHG\r'
[ 64.360] RX (0.814s): 'ACHG\r\n?not while in AMTOR    \r\ncmd:'
[ 64.765] RX (0.405s): ''
[ 65.166] RX (0.401s): ''
[ 65.579] RX (0.413s): ''
[ 65.979] RX (0.400s): ''
[ 66.379] RX (0.400s): ''
[ 66.787] RX (0.407s): ''
[ 66.787] TX: '\x03'
[ 67.595] RX (0.807s): 'cmd:'
[ 67.995] RX (0.400s): ''
[ 67.995] -- recovery step Ctrl-C: cmd: reached
[ 67.995] -- MODE ENTER PACKET
[ 67.995] TX: 'PACKET\r'
[ 68.295] TX: '\x03'
[ 69.097] RX (0.801s): 'PACKET\r\nOPMODE   was AMTOR    \r\nOPMODE   now PACKET   \r\ncmd:cmd:'
[ 69.097] TX: 'OPMODE\r'
[ 69.913] RX (0.815s): 'OPMODE\r\nOPMODE   PACKET   \r\ncmd:'
[ 70.328] RX (0.416s): ''
[ 70.328] TX: 'MYCALL\r'
[ 71.144] RX (0.816s): 'MYCALL\r\nMYCALL   OE3GAS\r\ncmd:'
[ 71.546] RX (0.402s): ''
[ 71.546] -- RISKY ACHG: exists=yes effect='' recovery=Ctrl-C opmode='OPMODE PACKET' mycall='MYCALL OE3GAS'
[ 71.546] -- RISKY ARQ (kind=action_tx): baseline, send, record 3 s
[ 71.547] TX: '\r'
[ 72.361] RX (0.814s): '\r\ncmd:'
[ 72.762] RX (0.401s): ''
[ 72.762] TX: 'ARQ\r'
[ 73.563] RX (0.801s): 'ARQ\r\n?callsign\r\ncmd:'
[ 73.965] RX (0.402s): ''
[ 74.378] RX (0.413s): ''
[ 74.780] RX (0.401s): ''
[ 75.193] RX (0.414s): ''
[ 75.595] RX (0.402s): ''
[ 75.995] RX (0.400s): ''
[ 75.995] TX: '\x03'
[ 76.811] RX (0.815s): 'cmd:'
[ 77.221] RX (0.409s): ''
[ 77.221] -- recovery step Ctrl-C: cmd: reached
[ 77.221] TX: 'OPMODE\r'
[ 78.030] RX (0.809s): 'OPMODE\r\nOPMODE   PACKET   \r\ncmd:'
[ 78.430] RX (0.400s): ''
[ 78.430] TX: 'MYCALL\r'
[ 79.246] RX (0.816s): 'MYCALL\r\nMYCALL   OE3GAS\r\ncmd:'
[ 79.646] RX (0.400s): ''
[ 79.646] -- RISKY ARQ: exists=yes effect='' recovery=Ctrl-C opmode='OPMODE PACKET' mycall='MYCALL OE3GAS'
[ 79.647] -- RISKY FEC (kind=action_tx): baseline, send, record 3 s
[ 79.647] TX: '\r'
[ 80.447] RX (0.800s): '\r\ncmd:'
[ 80.847] RX (0.400s): ''
[ 80.847] TX: 'FEC\r'
[ 81.648] RX (0.801s): 'FEC\r\nOPMODE   was PACKET   \r\nOPMODE   now FEC      \r\n'
[ 82.059] RX (0.411s): ''
[ 82.462] RX (0.403s): ''
[ 82.877] RX (0.415s): ''
[ 83.286] RX (0.408s): ''
[ 83.696] RX (0.410s): ''
[ 84.110] RX (0.415s): ''
[ 84.111] TX: '\x03'
[ 84.912] RX (0.801s): 'cmd:'
[ 85.312] RX (0.400s): ''
[ 85.312] -- recovery step Ctrl-C: cmd: reached
[ 85.312] TX: 'OPMODE\r'
[ 86.129] RX (0.816s): 'OPMODE\r\nOPMODE   FEC       IDLE SEND\r\ncmd:'
[ 86.535] RX (0.406s): ''
[ 86.535] TX: 'MYCALL\r'
[ 87.346] RX (0.810s): 'MYCALL\r\nMYCALL   OE3GAS\r\ncmd:'
[ 87.747] RX (0.401s): ''
[ 87.747] -- RISKY FEC: exists=yes effect='changes OPMODE to FEC' recovery=Ctrl-C opmode='OPMODE FEC IDLE SEND' mycall='MYCALL OE3GAS'
[ 87.747] -- RISKY ID (kind=action_tx): baseline, send, record 3 s
[ 87.747] TX: '\r'
[ 88.564] RX (0.816s): '\r\ncmd:'
[ 88.963] RX (0.400s): ''
[ 88.964] TX: 'ID\r'
[ 89.778] RX (0.815s): 'ID\r\n?not while in FEC      \r\ncmd:'
[ 90.179] RX (0.401s): ''
[ 90.579] RX (0.400s): ''
[ 90.993] RX (0.413s): ''
[ 91.394] RX (0.402s): ''
[ 91.796] RX (0.401s): ''
[ 92.196] RX (0.400s): ''
[ 92.196] TX: '\x03'
[ 93.011] RX (0.815s): 'cmd:'
[ 93.413] RX (0.401s): ''
[ 93.413] -- recovery step Ctrl-C: cmd: reached
[ 93.413] TX: 'OPMODE\r'
[ 94.221] RX (0.808s): 'OPMODE\r\nOPMODE   FEC       IDLE SEND\r\ncmd:'
[ 94.629] RX (0.408s): ''
[ 94.630] TX: 'MYCALL\r'
[ 95.429] RX (0.800s): 'MYCALL\r\nMYCALL   OE3GAS\r\ncmd:'
[ 95.830] RX (0.400s): ''
[ 95.830] -- RISKY ID: exists=yes effect='' recovery=Ctrl-C opmode='OPMODE FEC IDLE SEND' mycall='MYCALL OE3GAS'
[ 95.830] -- RISKY SELFEC (kind=action_tx): baseline, send, record 3 s
[ 95.830] TX: '\r'
[ 96.645] RX (0.814s): '\r\ncmd:'
[ 97.046] RX (0.401s): ''
[ 97.046] TX: 'SELFEC\r'
[ 97.847] RX (0.802s): 'SELFEC\r\n?callsign\r\ncmd:'
[ 98.252] RX (0.405s): ''
[ 98.659] RX (0.406s): ''
[ 99.061] RX (0.402s): ''
[ 99.461] RX (0.400s): ''
[ 99.863] RX (0.402s): ''
[100.263] RX (0.400s): ''
[100.263] TX: '\x03'
[101.079] RX (0.816s): 'cmd:'
[101.480] RX (0.400s): ''
[101.480] -- recovery step Ctrl-C: cmd: reached
[101.480] TX: 'OPMODE\r'
[102.295] RX (0.815s): 'OPMODE\r\nOPMODE   FEC       IDLE SEND\r\ncmd:'
[102.698] RX (0.402s): ''
[102.698] TX: 'MYCALL\r'
[103.514] RX (0.816s): 'MYCALL\r\nMYCALL   OE3GAS\r\ncmd:'
[103.930] RX (0.415s): ''
[103.930] -- RISKY SELFEC: exists=yes effect='' recovery=Ctrl-C opmode='OPMODE FEC IDLE SEND' mycall='MYCALL OE3GAS'
[103.930] -- RISKY XMIT (kind=action_tx): baseline, send, record 3 s in BAUDOT
[103.930] -- MODE ENTER BAUDOT
[103.930] TX: 'BAUDOT\r'
[104.231] TX: '\x03'
[105.047] RX (0.815s): 'BAUDOT\r\nOPMODE   was FEC      \r\nOPMODE   now BAUDOT   \r\ncmd:cmd:'
[105.047] TX: '\r'
[105.862] RX (0.815s): '\r\ncmd:'
[106.263] RX (0.400s): ''
[106.263] TX: 'XMIT\r'
[107.080] RX (0.817s): 'XMIT\r\n?not while in FEC      \r\ncmd:\r\n'
[107.496] RX (0.416s): ''
[107.898] RX (0.402s): ''
[108.300] RX (0.402s): ''
[108.700] RX (0.400s): ''
[109.104] RX (0.404s): ''
[109.514] RX (0.409s): ''
[109.514] TX: '\x03'
[110.330] RX (0.816s): 'cmd:'
[110.730] RX (0.400s): ''
[110.730] -- recovery step Ctrl-C: cmd: reached
[110.730] -- MODE ENTER PACKET
[110.730] TX: 'PACKET\r'
[111.031] TX: '\x03'
[111.831] RX (0.800s): 'PACKET\r\nOPMODE   was BAUDOT   \r\nOPMODE   now PACKET   \r\ncmd:cmd:'
[111.832] TX: 'OPMODE\r'
[112.645] RX (0.814s): 'OPMODE\r\nOPMODE   PACKET   \r\ncmd:'
[113.049] RX (0.403s): ''
[113.049] TX: 'MYCALL\r'
[113.865] RX (0.815s): 'MYCALL\r\nMYCALL   OE3GAS\r\ncmd:'
[114.276] RX (0.411s): ''
[114.276] -- RISKY XMIT: exists=yes effect='' recovery=Ctrl-C opmode='OPMODE PACKET' mycall='MYCALL OE3GAS'
[114.277] -- RISKY MEMORY (kind=danger): baseline, send, record 3 s
[114.277] TX: '\r'
[115.082] RX (0.805s): '\r\ncmd:'
[115.484] RX (0.402s): ''
[115.484] TX: 'MEMORY\r'
[116.297] RX (0.813s): 'MEMORY\r\nMEMORY   $00\r\ncmd:'
[116.698] RX (0.401s): ''
[117.099] RX (0.400s): ''
[117.514] RX (0.415s): ''
[117.915] RX (0.401s): ''
[118.315] RX (0.400s): ''
[118.715] RX (0.400s): ''
[118.715] TX: '\x03'
[119.530] RX (0.814s): 'cmd:'
[119.947] RX (0.417s): ''
[119.947] -- recovery step Ctrl-C: cmd: reached
[119.947] TX: 'OPMODE\r'
[120.748] RX (0.801s): 'OPMODE\r\nOPMODE   PACKET   \r\ncmd:'
[121.162] RX (0.415s): ''
[121.163] TX: 'MYCALL\r'
[121.964] RX (0.801s): 'MYCALL\r\nMYCALL   OE3GAS\r\ncmd:'
[122.364] RX (0.400s): ''
[122.364] -- RISKY MEMORY: exists=yes effect='prints a value' recovery=Ctrl-C opmode='OPMODE PACKET' mycall='MYCALL OE3GAS'
[122.364] -- RISKY TRANS (kind=danger): baseline, send, record 3 s
[122.364] TX: '\r'
[123.169] RX (0.805s): '\r\ncmd:'
[123.581] RX (0.412s): ''
[123.581] TX: 'TRANS\r'
[124.387] RX (0.806s): 'TRANS\r\n'
[124.798] RX (0.411s): ''
[125.199] RX (0.402s): ''
[125.614] RX (0.415s): ''
[126.016] RX (0.401s): ''
[126.431] RX (0.415s): ''
[126.832] RX (0.401s): ''
[128.333] TX: '\x03'
[128.534] TX: '\x03'
[128.734] TX: '\x03'
[130.235] TX: '\x03'
[131.049] RX (0.814s): 'cmd:cmd:'
[131.465] RX (0.415s): ''
[131.465] -- recovery step 3xCtrl-C/CMDTIME: cmd: reached
[131.465] TX: 'OPMODE\r'
[132.281] RX (0.816s): 'OPMODE\r\nOPMODE   PACKET   \r\ncmd:'
[132.681] RX (0.401s): ''
[132.681] TX: 'MYCALL\r'
[133.482] RX (0.800s): 'MYCALL\r\nMYCALL   OE3GAS\r\ncmd:'
[133.883] RX (0.401s): ''
[133.883] -- RISKY TRANS: exists=yes effect='enters transparent mode' recovery=3xCtrl-C/CMDTIME opmode='OPMODE PACKET' mycall='MYCALL OE3GAS'
[133.883] TX: '\r'
[134.698] RX (0.815s): '\r\ncmd:'
[135.115] RX (0.417s): ''
[135.115] TX: 'MYCALL PK232\r'
[135.932] RX (0.816s): 'MYCALL PK232\r\nMYCALL   was OE3GAS\r\nMYCALL   now PK232\r\ncmd:'
[136.332] RX (0.400s): ''
[136.332] TX: 'MYSELCAL OEAS\r'
[137.148] RX (0.816s): 'MYSELCAL OEAS\r\nMYSELCAL was OEAS\r\nMYSELCAL now OEAS\r\ncmd:'
[137.551] RX (0.402s): ''
[137.551] -- MODE ENTER PACKET
[137.551] TX: 'PACKET\r'
[137.852] TX: '\x03'
[138.666] RX (0.814s): 'PACKET\r\nOPMODE   was PACKET   \r\nOPMODE   now PACKET   \r\ncmd:cmd:'
[138.666] TX: 'DISPLAY\r'
[139.498] RX (0.831s): 'DISPLAY\r\nDISPLAY  A,C,F,I,L,M,R,T,Z\r\ncmd:'
[139.898] RX (0.401s): ''

# end of log -- 2026-10-07T14:32:52
